Archive member included because of file (symbol)

/usr/bin/../lib/gcc/arm-none-eabi/4.9.3/../../../../arm-none-eabi/lib/armv7e-m/libg_nano.a(lib_a-errno.o)
                              ./system/src/newlib/_sbrk.o (__errno)
/usr/bin/../lib/gcc/arm-none-eabi/4.9.3/../../../../arm-none-eabi/lib/armv7e-m/libg_nano.a(lib_a-impure.o)
                              /usr/bin/../lib/gcc/arm-none-eabi/4.9.3/../../../../arm-none-eabi/lib/armv7e-m/libg_nano.a(lib_a-errno.o) (_impure_ptr)
/usr/bin/../lib/gcc/arm-none-eabi/4.9.3/../../../../arm-none-eabi/lib/armv7e-m/libg_nano.a(lib_a-strlen.o)
                              ./system/src/diag/Trace.o (strlen)
/usr/bin/../lib/gcc/arm-none-eabi/4.9.3/../../../../arm-none-eabi/lib/armv7e-m/libg_nano.a(lib_a-vsnprintf.o)
                              ./system/src/diag/Trace.o (vsnprintf)
/usr/bin/../lib/gcc/arm-none-eabi/4.9.3/../../../../arm-none-eabi/lib/armv7e-m/libg_nano.a(lib_a-nano-svfprintf.o)
                              /usr/bin/../lib/gcc/arm-none-eabi/4.9.3/../../../../arm-none-eabi/lib/armv7e-m/libg_nano.a(lib_a-vsnprintf.o) (_svfprintf_r)
/usr/bin/../lib/gcc/arm-none-eabi/4.9.3/../../../../arm-none-eabi/lib/armv7e-m/libg_nano.a(lib_a-nano-vfprintf_i.o)
                              /usr/bin/../lib/gcc/arm-none-eabi/4.9.3/../../../../arm-none-eabi/lib/armv7e-m/libg_nano.a(lib_a-nano-svfprintf.o) (_printf_i)
/usr/bin/../lib/gcc/arm-none-eabi/4.9.3/../../../../arm-none-eabi/lib/armv7e-m/libg_nano.a(lib_a-memchr.o)
                              /usr/bin/../lib/gcc/arm-none-eabi/4.9.3/../../../../arm-none-eabi/lib/armv7e-m/libg_nano.a(lib_a-nano-svfprintf.o) (memchr)
/usr/bin/../lib/gcc/arm-none-eabi/4.9.3/../../../../arm-none-eabi/lib/armv7e-m/libg_nano.a(lib_a-memcpy.o)
                              /usr/bin/../lib/gcc/arm-none-eabi/4.9.3/../../../../arm-none-eabi/lib/armv7e-m/libg_nano.a(lib_a-nano-svfprintf.o) (memcpy)
/usr/bin/../lib/gcc/arm-none-eabi/4.9.3/../../../../arm-none-eabi/lib/armv7e-m/libg_nano.a(lib_a-memmove.o)
                              /usr/bin/../lib/gcc/arm-none-eabi/4.9.3/../../../../arm-none-eabi/lib/armv7e-m/libg_nano.a(lib_a-nano-svfprintf.o) (memmove)
/usr/bin/../lib/gcc/arm-none-eabi/4.9.3/../../../../arm-none-eabi/lib/armv7e-m/libg_nano.a(lib_a-nano-freer.o)
                              /usr/bin/../lib/gcc/arm-none-eabi/4.9.3/../../../../arm-none-eabi/lib/armv7e-m/libg_nano.a(lib_a-nano-svfprintf.o) (_free_r)
/usr/bin/../lib/gcc/arm-none-eabi/4.9.3/../../../../arm-none-eabi/lib/armv7e-m/libg_nano.a(lib_a-nano-mallocr.o)
                              /usr/bin/../lib/gcc/arm-none-eabi/4.9.3/../../../../arm-none-eabi/lib/armv7e-m/libg_nano.a(lib_a-nano-svfprintf.o) (_malloc_r)
/usr/bin/../lib/gcc/arm-none-eabi/4.9.3/../../../../arm-none-eabi/lib/armv7e-m/libg_nano.a(lib_a-nano-reallocr.o)
                              /usr/bin/../lib/gcc/arm-none-eabi/4.9.3/../../../../arm-none-eabi/lib/armv7e-m/libg_nano.a(lib_a-nano-svfprintf.o) (_realloc_r)
/usr/bin/../lib/gcc/arm-none-eabi/4.9.3/../../../../arm-none-eabi/lib/armv7e-m/libg_nano.a(lib_a-sbrkr.o)
                              /usr/bin/../lib/gcc/arm-none-eabi/4.9.3/../../../../arm-none-eabi/lib/armv7e-m/libg_nano.a(lib_a-nano-mallocr.o) (_sbrk_r)
/usr/bin/../lib/gcc/arm-none-eabi/4.9.3/../../../../arm-none-eabi/lib/armv7e-m/libg_nano.a(lib_a-nano-msizer.o)
                              /usr/bin/../lib/gcc/arm-none-eabi/4.9.3/../../../../arm-none-eabi/lib/armv7e-m/libg_nano.a(lib_a-nano-reallocr.o) (_malloc_usable_size_r)

Allocating common symbols
Common symbol       size              file

errno               0x4               ./system/src/newlib/_syscalls.o

Discarded input sections

 .group         0x0000000000000000        0x8 ./system/src/stm32f3-stdperiph/stm32f30x_gpio.o
 .group         0x0000000000000000        0x8 ./system/src/stm32f3-stdperiph/stm32f30x_gpio.o
 .group         0x0000000000000000        0x8 ./system/src/stm32f3-stdperiph/stm32f30x_gpio.o
 .group         0x0000000000000000        0x8 ./system/src/stm32f3-stdperiph/stm32f30x_gpio.o
 .group         0x0000000000000000        0x8 ./system/src/stm32f3-stdperiph/stm32f30x_gpio.o
 .group         0x0000000000000000        0x8 ./system/src/stm32f3-stdperiph/stm32f30x_gpio.o
 .group         0x0000000000000000        0x8 ./system/src/stm32f3-stdperiph/stm32f30x_gpio.o
 .group         0x0000000000000000        0x8 ./system/src/stm32f3-stdperiph/stm32f30x_gpio.o
 .group         0x0000000000000000        0x8 ./system/src/stm32f3-stdperiph/stm32f30x_gpio.o
 .group         0x0000000000000000        0x8 ./system/src/stm32f3-stdperiph/stm32f30x_gpio.o
 .group         0x0000000000000000        0x8 ./system/src/stm32f3-stdperiph/stm32f30x_gpio.o
 .group         0x0000000000000000        0x8 ./system/src/stm32f3-stdperiph/stm32f30x_gpio.o
 .group         0x0000000000000000        0x8 ./system/src/stm32f3-stdperiph/stm32f30x_gpio.o
 .group         0x0000000000000000        0x8 ./system/src/stm32f3-stdperiph/stm32f30x_gpio.o
[...]
Memory Configuration

Name             Origin             Length             Attributes
RAM              0x0000000020000000 0x000000000000a000 xrw
CCMRAM           0x0000000010000000 0x0000000000002000 xrw
FLASH            0x0000000008000000 0x0000000000040000 xr
FLASHB1          0x0000000000000000 0x0000000000000000 xr
EXTMEMB0         0x0000000000000000 0x0000000000000000 xr
EXTMEMB1         0x0000000000000000 0x0000000000000000 xr
EXTMEMB2         0x0000000000000000 0x0000000000000000 xr
EXTMEMB3         0x0000000000000000 0x0000000000000000 xr
MEMORY_ARRAY     0x0000000020002000 0x0000000000000000 xrw
*default*        0x0000000000000000 0xffffffffffffffff

Linker script and memory map

LOAD ./system/src/stm32f3-stdperiph/stm32f30x_gpio.o
LOAD ./system/src/stm32f3-stdperiph/stm32f30x_rcc.o
LOAD ./system/src/newlib/_cxx.o
LOAD ./system/src/newlib/_exit.o
LOAD ./system/src/newlib/_sbrk.o
LOAD ./system/src/newlib/_startup.o
LOAD ./system/src/newlib/_syscalls.o
LOAD ./system/src/newlib/assert.o
LOAD ./system/src/diag/Trace.o
LOAD ./system/src/diag/trace_impl.o
LOAD ./system/src/cortexm/_initialize_hardware.o
LOAD ./system/src/cortexm/_reset_hardware.o
LOAD ./system/src/cortexm/exception_handlers.o
LOAD ./system/src/cmsis/system_stm32f30x.o
LOAD ./system/src/cmsis/vectors_stm32f30x.o
LOAD ./src/_write.o
LOAD ./src/main.o
LOAD /usr/bin/../lib/gcc/arm-none-eabi/4.9.3/../../../../arm-none-eabi/lib/armv7e-m/libstdc++_nano.a
LOAD /usr/bin/../lib/gcc/arm-none-eabi/4.9.3/../../../../arm-none-eabi/lib/armv7e-m/libm.a
START GROUP
LOAD /usr/bin/../lib/gcc/arm-none-eabi/4.9.3/armv7e-m/libgcc.a
LOAD /usr/bin/../lib/gcc/arm-none-eabi/4.9.3/../../../../arm-none-eabi/lib/armv7e-m/libg_nano.a
LOAD /usr/bin/../lib/gcc/arm-none-eabi/4.9.3/../../../../arm-none-eabi/lib/armv7e-m/libc_nano.a
END GROUP
START GROUP
LOAD /usr/bin/../lib/gcc/arm-none-eabi/4.9.3/armv7e-m/libgcc.a
LOAD /usr/bin/../lib/gcc/arm-none-eabi/4.9.3/../../../../arm-none-eabi/lib/armv7e-m/libc_nano.a
END GROUP
                0x000000002000a000                __stack = (ORIGIN (RAM) + 0xa000)
                0x000000002000a000                _estack = __stack
                0x0000000000000400                __Main_Stack_Size = 0x400
                0x0000000000000400                PROVIDE (_Main_Stack_Size, __Main_Stack_Size)
                0x0000000020009c00                __Main_Stack_Limit = (__stack - __Main_Stack_Size)
                0x0000000020009c00                PROVIDE (_Main_Stack_Limit, __Main_Stack_Limit)
                0x0000000000000100                _Minimum_Stack_Size = 0x100
                0x0000000020000124                PROVIDE (_Heap_Begin, _end_noinit)
                0x0000000020009c00                PROVIDE (_Heap_Limit, (__stack - __Main_Stack_Size))

.isr_vector     0x0000000008000000      0x3ec
 FILL mask 0xff
                0x0000000008000000                __vectors_start = ABSOLUTE (.)
                0x0000000008000000                __vectors_start__ = ABSOLUTE (.)
 *(.isr_vector)
 .isr_vector    0x0000000008000000      0x188 ./system/src/cmsis/vectors_stm32f30x.o
                0x0000000008000000                __isr_vectors
 *(.cfmconfig)
 *(.after_vectors .after_vectors.*)
 .after_vectors
                0x0000000008000188      0x130 ./system/src/newlib/_startup.o
                0x0000000008000188                _start
 .after_vectors
                0x00000000080002b8      0x130 ./system/src/cortexm/exception_handlers.o
                0x00000000080002b8                Reset_Handler
                0x00000000080002c0                NMI_Handler
                0x00000000080002c4                HardFault_Handler
                0x00000000080002d8                HardFault_Handler_C
                0x0000000008000338                MemManage_Handler
                0x000000000800033c                BusFault_Handler
                0x0000000008000350                BusFault_Handler_C
                0x0000000008000384                UsageFault_Handler
                0x0000000008000398                UsageFault_Handler_C
                0x00000000080003cc                SVC_Handler
                0x00000000080003d0                DebugMon_Handler
                0x00000000080003d4                PendSV_Handler
                0x00000000080003d8                SysTick_Handler
 .after_vectors
                0x00000000080003e8        0x4 ./system/src/cmsis/vectors_stm32f30x.o
                0x00000000080003e8                RTC_Alarm_IRQHandler
                0x00000000080003e8                TIM8_TRG_COM_IRQHandler
                0x00000000080003e8                TIM8_CC_IRQHandler
                0x00000000080003e8                TIM1_CC_IRQHandler
                0x00000000080003e8                USB_HP_IRQHandler
                0x00000000080003e8                PVD_IRQHandler
                0x00000000080003e8                EXTI3_IRQHandler
                0x00000000080003e8                EXTI0_IRQHandler
                0x00000000080003e8                I2C2_EV_IRQHandler
                0x00000000080003e8                FPU_IRQHandler
                0x00000000080003e8                EXTI2_TS_IRQHandler
                0x00000000080003e8                TIM1_UP_TIM16_IRQHandler
                0x00000000080003e8                ADC1_2_IRQHandler
                0x00000000080003e8                SPI1_IRQHandler
                0x00000000080003e8                TIM6_DAC_IRQHandler
                0x00000000080003e8                TIM8_UP_IRQHandler
                0x00000000080003e8                DMA2_Channel2_IRQHandler
                0x00000000080003e8                DMA1_Channel4_IRQHandler
                0x00000000080003e8                USART3_IRQHandler
                0x00000000080003e8                DMA1_Channel7_IRQHandler
                0x00000000080003e8                CAN1_RX1_IRQHandler
                0x00000000080003e8                UART5_IRQHandler
                0x00000000080003e8                ADC3_IRQHandler
                0x00000000080003e8                TIM4_IRQHandler
                0x00000000080003e8                DMA2_Channel1_IRQHandler
                0x00000000080003e8                I2C1_EV_IRQHandler
                0x00000000080003e8                DMA1_Channel6_IRQHandler
                0x00000000080003e8                UART4_IRQHandler
                0x00000000080003e8                DMA2_Channel4_IRQHandler
                0x00000000080003e8                TIM3_IRQHandler
                0x00000000080003e8                RCC_IRQHandler
                0x00000000080003e8                DMA1_Channel1_IRQHandler
                0x00000000080003e8                Default_Handler
                0x00000000080003e8                USBWakeUp_RMP_IRQHandler
                0x00000000080003e8                EXTI15_10_IRQHandler
                0x00000000080003e8                TIM7_IRQHandler
                0x00000000080003e8                EXTI9_5_IRQHandler
                0x00000000080003e8                TAMPER_STAMP_IRQHandler
                0x00000000080003e8                RTC_WKUP_IRQHandler
                0x00000000080003e8                SPI2_IRQHandler
                0x00000000080003e8                DMA2_Channel5_IRQHandler
                0x00000000080003e8                DMA1_Channel5_IRQHandler
                0x00000000080003e8                USB_LP_IRQHandler
                0x00000000080003e8                EXTI4_IRQHandler
                0x00000000080003e8                USB_LP_CAN1_RX0_IRQHandler
                0x00000000080003e8                TIM1_TRG_COM_TIM17_IRQHandler
                0x00000000080003e8                USB_HP_CAN1_TX_IRQHandler
                0x00000000080003e8                DMA1_Channel3_IRQHandler
                0x00000000080003e8                ADC4_IRQHandler
                0x00000000080003e8                WWDG_IRQHandler
                0x00000000080003e8                TIM2_IRQHandler
                0x00000000080003e8                COMP7_IRQHandler
                0x00000000080003e8                COMP1_2_3_IRQHandler
                0x00000000080003e8                EXTI1_IRQHandler
                0x00000000080003e8                USART2_IRQHandler
                0x00000000080003e8                COMP4_5_6_IRQHandler
                0x00000000080003e8                I2C2_ER_IRQHandler
                0x00000000080003e8                DMA1_Channel2_IRQHandler
                0x00000000080003e8                TIM8_BRK_IRQHandler
                0x00000000080003e8                CAN1_SCE_IRQHandler
                0x00000000080003e8                FLASH_IRQHandler
                0x00000000080003e8                USART1_IRQHandler
                0x00000000080003e8                SPI3_IRQHandler
                0x00000000080003e8                I2C1_ER_IRQHandler
                0x00000000080003e8                USBWakeUp_IRQHandler
                0x00000000080003e8                DMA2_Channel3_IRQHandler
                0x00000000080003e8                TIM1_BRK_TIM15_IRQHandler

.inits          0x00000000080003ec       0x28
                0x00000000080003ec                __data_regions_array_start = .
                0x00000000080003ec        0x4 LONG 0x80011b4 LOADADDR (.data)
                0x00000000080003f0        0x4 LONG 0x20000000 ADDR (.data)
                0x00000000080003f4        0x4 LONG 0x20000088 (ADDR (.data) + SIZEOF (.data))
                0x00000000080003f8        0x4 LONG 0x80011b4 LOADADDR (.data_CCMRAM)
                0x00000000080003fc        0x4 LONG 0x10000000 ADDR (.data_CCMRAM)
                0x0000000008000400        0x4 LONG 0x10000000 (ADDR (.data_CCMRAM) + SIZEOF (.data_CCMRAM))
                0x0000000008000404                __data_regions_array_end = .
                0x0000000008000404                __bss_regions_array_start = .
                0x0000000008000404        0x4 LONG 0x20000088 ADDR (.bss)
                0x0000000008000408        0x4 LONG 0x20000124 (ADDR (.bss) + SIZEOF (.bss))
                0x000000000800040c        0x4 LONG 0x10000000 ADDR (.bss_CCMRAM)
                0x0000000008000410        0x4 LONG 0x10000000 (ADDR (.bss_CCMRAM) + SIZEOF (.bss_CCMRAM))
                0x0000000008000414                __bss_regions_array_end = .
 *(.init)
 *(.fini)
                0x0000000008000414                . = ALIGN (0x4)
                0x0000000008000414                PROVIDE (__preinit_array_start, .)
 *(.preinit_array_sysinit .preinit_array_sysinit.*)
 *(.preinit_array_platform .preinit_array_platform.*)
 *(.preinit_array .preinit_array.*)
                0x0000000008000414                PROVIDE (__preinit_array_end, .)
                0x0000000008000414                . = ALIGN (0x4)
                0x0000000008000414                PROVIDE (__init_array_start, .)
 *(SORT(.init_array.*))
 *(.init_array)
                0x0000000008000414                PROVIDE (__init_array_end, .)
                0x0000000008000414                . = ALIGN (0x4)
                0x0000000008000414                PROVIDE (__fini_array_start, .)
 *(SORT(.fini_array.*))
 *(.fini_array)
                0x0000000008000414                PROVIDE (__fini_array_end, .)

.flashtext
 *(.flashtext .flashtext.*)

.text           0x0000000008000414      0xd9d
 *(.text .text.*)
 .text._exit    0x0000000008000414        0x4 ./system/src/newlib/_exit.o
                0x0000000008000414                _exit
 .text._sbrk    0x0000000008000418       0x44 ./system/src/newlib/_sbrk.o
                0x0000000008000418                _sbrk
 .text.__initialize_args
                0x000000000800045c       0x10 ./system/src/newlib/_syscalls.o
                0x000000000800045c                __initialize_args
 .text.trace_printf
                0x000000000800046c       0x34 ./system/src/diag/Trace.o
                0x000000000800046c                trace_printf
 .text._trace_write_semihosting_debug
                0x00000000080004a0       0x64 ./system/src/diag/trace_impl.o
 .text.trace_write
                0x0000000008000504        0x8 ./system/src/diag/trace_impl.o
                0x0000000008000504                trace_write
 .text.__initialize_hardware_early
                0x000000000800050c        0x8 ./system/src/cortexm/_initialize_hardware.o
                0x000000000800050c                __initialize_hardware_early
 .text.__initialize_hardware
                0x0000000008000514        0x8 ./system/src/cortexm/_initialize_hardware.o
                0x0000000008000514                __initialize_hardware
 .text.dumpExceptionStack
                0x000000000800051c       0xf0 ./system/src/cortexm/exception_handlers.o
                0x000000000800051c                dumpExceptionStack
 .text.isSemihosting
                0x000000000800060c       0x20 ./system/src/cortexm/exception_handlers.o
                0x000000000800060c                isSemihosting
 .text.SetSysClock
                0x000000000800062c       0xb0 ./system/src/cmsis/system_stm32f30x.o
 .text.SystemInit
                0x00000000080006dc       0x64 ./system/src/cmsis/system_stm32f30x.o
                0x00000000080006dc                SystemInit
 .text.SystemCoreClockUpdate
                0x0000000008000740       0x8c ./system/src/cmsis/system_stm32f30x.o
                0x0000000008000740                SystemCoreClockUpdate
 .text.main     0x00000000080007cc        0x4 ./src/main.o
                0x00000000080007cc                main
 .text.__errno  0x00000000080007d0        0xc /usr/bin/../lib/gcc/arm-none-eabi/4.9.3/../../../../arm-none-eabi/lib/armv7e-m/libg_nano.a(lib_a-errno.o)
                0x00000000080007d0                __errno
 .text._vsnprintf_r
                0x00000000080007dc       0x52 /usr/bin/../lib/gcc/arm-none-eabi/4.9.3/../../../../arm-none-eabi/lib/armv7e-m/libg_nano.a(lib_a-vsnprintf.o)
                0x00000000080007dc                _vsnprintf_r
                0x00000000080007dc                _vsniprintf_r
 *fill*         0x000000000800082e        0x2 
 .text.vsnprintf
                0x0000000008000830       0x20 /usr/bin/../lib/gcc/arm-none-eabi/4.9.3/../../../../arm-none-eabi/lib/armv7e-m/libg_nano.a(lib_a-vsnprintf.o)
                0x0000000008000830                vsnprintf
                0x0000000008000830                vsniprintf
 .text.__ssputs_r
                0x0000000008000850       0xb2 /usr/bin/../lib/gcc/arm-none-eabi/4.9.3/../../../../arm-none-eabi/lib/armv7e-m/libg_nano.a(lib_a-nano-svfprintf.o)
                0x0000000008000850                __ssputs_r
 *fill*         0x0000000008000902        0x2 
 .text._svfprintf_r
                0x0000000008000904      0x1e4 /usr/bin/../lib/gcc/arm-none-eabi/4.9.3/../../../../arm-none-eabi/lib/armv7e-m/libg_nano.a(lib_a-nano-svfprintf.o)
                0x0000000008000904                _svfprintf_r
                0x0000000008000904                _svfiprintf_r
 .text._printf_common
                0x0000000008000ae8       0xea /usr/bin/../lib/gcc/arm-none-eabi/4.9.3/../../../../arm-none-eabi/lib/armv7e-m/libg_nano.a(lib_a-nano-vfprintf_i.o)
                0x0000000008000ae8                _printf_common
 *fill*         0x0000000008000bd2        0x2 
 .text._printf_i
                0x0000000008000bd4      0x240 /usr/bin/../lib/gcc/arm-none-eabi/4.9.3/../../../../arm-none-eabi/lib/armv7e-m/libg_nano.a(lib_a-nano-vfprintf_i.o)
                0x0000000008000bd4                _printf_i
 .text.memchr   0x0000000008000e14       0x1e /usr/bin/../lib/gcc/arm-none-eabi/4.9.3/../../../../arm-none-eabi/lib/armv7e-m/libg_nano.a(lib_a-memchr.o)
                0x0000000008000e14                memchr
 .text.memcpy   0x0000000008000e32       0x16 /usr/bin/../lib/gcc/arm-none-eabi/4.9.3/../../../../arm-none-eabi/lib/armv7e-m/libg_nano.a(lib_a-memcpy.o)
                0x0000000008000e32                memcpy
 .text.memmove  0x0000000008000e48       0x36 /usr/bin/../lib/gcc/arm-none-eabi/4.9.3/../../../../arm-none-eabi/lib/armv7e-m/libg_nano.a(lib_a-memmove.o)
                0x0000000008000e48                memmove
 *fill*         0x0000000008000e7e        0x2 
 .text._free_r  0x0000000008000e80       0x88 /usr/bin/../lib/gcc/arm-none-eabi/4.9.3/../../../../arm-none-eabi/lib/armv7e-m/libg_nano.a(lib_a-nano-freer.o)
                0x0000000008000e80                _free_r
 .text._malloc_r
                0x0000000008000f08       0xac /usr/bin/../lib/gcc/arm-none-eabi/4.9.3/../../../../arm-none-eabi/lib/armv7e-m/libg_nano.a(lib_a-nano-mallocr.o)
                0x0000000008000f08                _malloc_r
 .text._realloc_r
                0x0000000008000fb4       0x4c /usr/bin/../lib/gcc/arm-none-eabi/4.9.3/../../../../arm-none-eabi/lib/armv7e-m/libg_nano.a(lib_a-nano-reallocr.o)
                0x0000000008000fb4                _realloc_r
 .text._sbrk_r  0x0000000008001000       0x20 /usr/bin/../lib/gcc/arm-none-eabi/4.9.3/../../../../arm-none-eabi/lib/armv7e-m/libg_nano.a(lib_a-sbrkr.o)
                0x0000000008001000                _sbrk_r
 .text._malloc_usable_size_r
                0x0000000008001020       0x14 /usr/bin/../lib/gcc/arm-none-eabi/4.9.3/../../../../arm-none-eabi/lib/armv7e-m/libg_nano.a(lib_a-nano-msizer.o)
                0x0000000008001020                _malloc_usable_size_r
 *(.rodata .rodata.* .constdata .constdata.*)
 .rodata.str1.4
                0x0000000008001034      0x148 ./system/src/cortexm/exception_handlers.o
                                        0x146 (size before relaxing)
 .rodata.str1.1
                0x000000000800117c        0x2 /usr/bin/../lib/gcc/arm-none-eabi/4.9.3/../../../../arm-none-eabi/lib/armv7e-m/libg_nano.a(lib_a-impure.o)
 .rodata.str1.1
                0x000000000800117e       0x11 /usr/bin/../lib/gcc/arm-none-eabi/4.9.3/../../../../arm-none-eabi/lib/armv7e-m/libg_nano.a(lib_a-nano-svfprintf.o)
 .rodata.str1.1
                0x000000000800118f       0x22 /usr/bin/../lib/gcc/arm-none-eabi/4.9.3/../../../../arm-none-eabi/lib/armv7e-m/libg_nano.a(lib_a-nano-vfprintf_i.o)
 *(vtable)
 *(.eh_frame*)
 *(.glue_7)
 .glue_7        0x0000000000000000        0x0 linker stubs
 *(.glue_7t)
 .glue_7t       0x0000000000000000        0x0 linker stubs

.vfp11_veneer   0x00000000080011b4        0x0
 .vfp11_veneer  0x0000000000000000        0x0 linker stubs

.v4_bx          0x00000000080011b4        0x0
 .v4_bx         0x0000000000000000        0x0 linker stubs

.iplt           0x00000000080011b4        0x0
 .iplt          0x0000000000000000        0x0 ./system/src/stm32f3-stdperiph/stm32f30x_gpio.o

.rel.dyn        0x00000000080011b4        0x0
 .rel.iplt      0x0000000000000000        0x0 ./system/src/stm32f3-stdperiph/stm32f30x_gpio.o

.ARM.extab
 *(.ARM.extab* .gnu.linkonce.armextab.*)
                0x00000000080011b4                . = ALIGN (0x4)
                0x00000000080011b4                __exidx_start = .

.ARM.exidx
 *(.ARM.exidx* .gnu.linkonce.armexidx.*)
                0x00000000080011b4                __exidx_end = .
                0x00000000080011b4                . = ALIGN (0x4)
                0x00000000080011b4                _etext = .
                0x00000000080011b4                __etext = .

.data_CCMRAM    0x0000000010000000        0x0 load address 0x00000000080011b4
 FILL mask 0xff
 *(.data.CCMRAM .data.CCMRAM.*)
                0x0000000010000000                . = ALIGN (0x4)
                0x00000000080011b4                _sidata = LOADADDR (.data)

.data           0x0000000020000000       0x88 load address 0x00000000080011b4
 FILL mask 0xff
                0x0000000020000000                _sdata = .
                0x0000000020000000                __data_start__ = .
 *(.data_begin .data_begin.*)
 .data_begin    0x0000000020000000        0x4 ./system/src/newlib/_startup.o
 *(.data .data.*)
 .data.argv.4157
                0x0000000020000004        0x8 ./system/src/newlib/_syscalls.o
 .data.AHBPrescTable
                0x000000002000000c       0x10 ./system/src/cmsis/system_stm32f30x.o
                0x000000002000000c                AHBPrescTable
 .data.SystemCoreClock
                0x000000002000001c        0x4 ./system/src/cmsis/system_stm32f30x.o
                0x000000002000001c                SystemCoreClock
 .data.impure_data
                0x0000000020000020       0x60 /usr/bin/../lib/gcc/arm-none-eabi/4.9.3/../../../../arm-none-eabi/lib/armv7e-m/libg_nano.a(lib_a-impure.o)
 .data._impure_ptr
                0x0000000020000080        0x4 /usr/bin/../lib/gcc/arm-none-eabi/4.9.3/../../../../arm-none-eabi/lib/armv7e-m/libg_nano.a(lib_a-impure.o)
                0x0000000020000080                _impure_ptr
 *(.data_end .data_end.*)
 .data_end      0x0000000020000084        0x4 ./system/src/newlib/_startup.o
                0x0000000020000088                . = ALIGN (0x4)
                0x0000000020000088                _edata = .
                0x0000000020000088                __data_end__ = .

.igot.plt       0x0000000020000088        0x0 load address 0x000000000800123c
 .igot.plt      0x0000000000000000        0x0 ./system/src/stm32f3-stdperiph/stm32f30x_gpio.o

.bss_CCMRAM     0x0000000010000000        0x0
 *(.bss.CCMRAM .bss.CCMRAM.*)

.bss            0x0000000020000088       0x9c
                0x0000000020000088                __bss_start__ = .
                0x0000000020000088                _sbss = .
 *(.bss_begin .bss_begin.*)
 .bss_begin     0x0000000020000088        0x4 ./system/src/newlib/_startup.o
 *(.bss .bss.*)
 .bss.current_heap_end.3862
                0x000000002000008c        0x4 ./system/src/newlib/_sbrk.o
 .bss.name.4156
                0x0000000020000090        0x1 ./system/src/newlib/_syscalls.o
 *fill*         0x0000000020000091        0x3 
 .bss.buf.4998  0x0000000020000094       0x80 ./system/src/diag/Trace.o
 .bss.__malloc_sbrk_start
                0x0000000020000114        0x4 /usr/bin/../lib/gcc/arm-none-eabi/4.9.3/../../../../arm-none-eabi/lib/armv7e-m/libg_nano.a(lib_a-nano-mallocr.o)
                0x0000000020000114                __malloc_sbrk_start
 .bss.__malloc_free_list
                0x0000000020000118        0x4 /usr/bin/../lib/gcc/arm-none-eabi/4.9.3/../../../../arm-none-eabi/lib/armv7e-m/libg_nano.a(lib_a-nano-mallocr.o)
                0x0000000020000118                __malloc_free_list
 *(COMMON)
 COMMON         0x000000002000011c        0x4 ./system/src/newlib/_syscalls.o
                0x000000002000011c                errno
 *(.bss_end .bss_end.*)
 .bss_end       0x0000000020000120        0x4 ./system/src/newlib/_startup.o
                0x0000000020000124                . = ALIGN (0x4)
                0x0000000020000124                __bss_end__ = .
                0x0000000020000124                _ebss = .

.noinit_CCMRAM
 *(.noinit.CCMRAM .noinit.CCMRAM.*)

.noinit         0x0000000020000124        0x0
                0x0000000020000124                _noinit = .
 *(.noinit .noinit.*)
                0x0000000020000124                . = ALIGN (0x4)
                0x0000000020000124                _end_noinit = .
                0x0000000020000124                PROVIDE (end, _end_noinit)
                0x0000000020000124                PROVIDE (_end, _end_noinit)
                0x0000000020000124                PROVIDE (__end, _end_noinit)
                0x0000000020000124                PROVIDE (__end__, _end_noinit)

._check_stack   0x0000000020000124      0x100
                0x0000000020000224                . = (. + _Minimum_Stack_Size)
 *fill*         0x0000000020000124      0x100 

.b1text
 *(.b1text)
 *(.b1rodata)
 *(.b1rodata.*)

.eb0text
 *(.eb0text)
 *(.eb0rodata)
 *(.eb0rodata.*)

.eb1text
 *(.eb1text)
 *(.eb1rodata)
 *(.eb1rodata.*)

.eb2text
 *(.eb2text)
 *(.eb2rodata)
 *(.eb2rodata.*)

.eb3text
 *(.eb3text)
 *(.eb3rodata)
 *(.eb3rodata.*)

.stab
 *(.stab)

.stabstr
 *(.stabstr)

.stab.excl
 *(.stab.excl)

.stab.exclstr
 *(.stab.exclstr)

.stab.index
 *(.stab.index)

.stab.indexstr
 *(.stab.indexstr)

.comment        0x0000000000000000       0x70
 *(.comment)
 .comment       0x0000000000000000       0x70 ./system/src/newlib/_exit.o
                                         0x71 (size before relaxing)
 .comment       0x0000000000000000       0x71 ./system/src/newlib/_sbrk.o
 .comment       0x0000000000000000       0x71 ./system/src/newlib/_startup.o
 .comment       0x0000000000000000       0x71 ./system/src/newlib/_syscalls.o
 .comment       0x0000000000000000       0x71 ./system/src/diag/Trace.o
 .comment       0x0000000000000000       0x71 ./system/src/diag/trace_impl.o
 .comment       0x0000000000000000       0x71 ./system/src/cortexm/_initialize_hardware.o
 .comment       0x0000000000000000       0x71 ./system/src/cortexm/exception_handlers.o
 .comment       0x0000000000000000       0x71 ./system/src/cmsis/system_stm32f30x.o
 .comment       0x0000000000000000       0x71 ./system/src/cmsis/vectors_stm32f30x.o
 .comment       0x0000000000000000       0x71 ./src/main.o

.ARM.attributes
                0x0000000000000000       0x33
 .ARM.attributes
                0x0000000000000000       0x33 ./system/src/newlib/_exit.o
 .ARM.attributes
                0x0000000000000033       0x33 ./system/src/newlib/_sbrk.o
 .ARM.attributes
                0x0000000000000066       0x33 ./system/src/newlib/_startup.o
 .ARM.attributes
                0x0000000000000099       0x33 ./system/src/newlib/_syscalls.o
 .ARM.attributes
                0x00000000000000cc       0x33 ./system/src/diag/Trace.o
 .ARM.attributes
                0x00000000000000ff       0x33 ./system/src/diag/trace_impl.o
 .ARM.attributes
                0x0000000000000132       0x33 ./system/src/cortexm/_initialize_hardware.o
 .ARM.attributes
                0x0000000000000165       0x33 ./system/src/cortexm/exception_handlers.o
 .ARM.attributes
                0x0000000000000198       0x33 ./system/src/cmsis/system_stm32f30x.o
 .ARM.attributes
                0x00000000000001cb       0x33 ./system/src/cmsis/vectors_stm32f30x.o
 .ARM.attributes
                0x00000000000001fe       0x33 ./src/main.o
 .ARM.attributes
                0x0000000000000231       0x2e /usr/bin/../lib/gcc/arm-none-eabi/4.9.3/../../../../arm-none-eabi/lib/armv7e-m/libg_nano.a(lib_a-errno.o)
 .ARM.attributes
                0x000000000000025f       0x2e /usr/bin/../lib/gcc/arm-none-eabi/4.9.3/../../../../arm-none-eabi/lib/armv7e-m/libg_nano.a(lib_a-impure.o)
 .ARM.attributes
                0x000000000000028d       0x2e /usr/bin/../lib/gcc/arm-none-eabi/4.9.3/../../../../arm-none-eabi/lib/armv7e-m/libg_nano.a(lib_a-vsnprintf.o)
 .ARM.attributes
                0x00000000000002bb       0x2e /usr/bin/../lib/gcc/arm-none-eabi/4.9.3/../../../../arm-none-eabi/lib/armv7e-m/libg_nano.a(lib_a-nano-svfprintf.o)
 .ARM.attributes
                0x00000000000002e9       0x2e /usr/bin/../lib/gcc/arm-none-eabi/4.9.3/../../../../arm-none-eabi/lib/armv7e-m/libg_nano.a(lib_a-nano-vfprintf_i.o)
 .ARM.attributes
                0x0000000000000317       0x2e /usr/bin/../lib/gcc/arm-none-eabi/4.9.3/../../../../arm-none-eabi/lib/armv7e-m/libg_nano.a(lib_a-memchr.o)
 .ARM.attributes
                0x0000000000000345       0x2e /usr/bin/../lib/gcc/arm-none-eabi/4.9.3/../../../../arm-none-eabi/lib/armv7e-m/libg_nano.a(lib_a-memcpy.o)
 .ARM.attributes
                0x0000000000000373       0x2e /usr/bin/../lib/gcc/arm-none-eabi/4.9.3/../../../../arm-none-eabi/lib/armv7e-m/libg_nano.a(lib_a-memmove.o)
 .ARM.attributes
                0x00000000000003a1       0x2e /usr/bin/../lib/gcc/arm-none-eabi/4.9.3/../../../../arm-none-eabi/lib/armv7e-m/libg_nano.a(lib_a-nano-freer.o)
 .ARM.attributes
                0x00000000000003cf       0x2e /usr/bin/../lib/gcc/arm-none-eabi/4.9.3/../../../../arm-none-eabi/lib/armv7e-m/libg_nano.a(lib_a-nano-mallocr.o)
 .ARM.attributes
                0x00000000000003fd       0x2e /usr/bin/../lib/gcc/arm-none-eabi/4.9.3/../../../../arm-none-eabi/lib/armv7e-m/libg_nano.a(lib_a-nano-reallocr.o)
 .ARM.attributes
                0x000000000000042b       0x2e /usr/bin/../lib/gcc/arm-none-eabi/4.9.3/../../../../arm-none-eabi/lib/armv7e-m/libg_nano.a(lib_a-sbrkr.o)
 .ARM.attributes
                0x0000000000000459       0x2e /usr/bin/../lib/gcc/arm-none-eabi/4.9.3/../../../../arm-none-eabi/lib/armv7e-m/libg_nano.a(lib_a-nano-msizer.o)

.debug
 *(.debug)

.line
 *(.line)

.debug_srcinfo
 *(.debug_srcinfo)

.debug_sfnames
 *(.debug_sfnames)

.debug_aranges  0x0000000000000000      0x248
 *(.debug_aranges)
 .debug_aranges
                0x0000000000000000       0x28 ./system/src/newlib/_exit.o
 .debug_aranges
                0x0000000000000028       0x20 ./system/src/newlib/_sbrk.o
 .debug_aranges
                0x0000000000000048       0x40 ./system/src/newlib/_startup.o
 .debug_aranges
                0x0000000000000088       0x30 ./system/src/newlib/_syscalls.o
 .debug_aranges
                0x00000000000000b8       0x38 ./system/src/diag/Trace.o
 .debug_aranges
                0x00000000000000f0       0x30 ./system/src/diag/trace_impl.o
 .debug_aranges
                0x0000000000000120       0x28 ./system/src/cortexm/_initialize_hardware.o
 .debug_aranges
                0x0000000000000148       0x90 ./system/src/cortexm/exception_handlers.o
 .debug_aranges
                0x00000000000001d8       0x30 ./system/src/cmsis/system_stm32f30x.o
 .debug_aranges
                0x0000000000000208       0x20 ./system/src/cmsis/vectors_stm32f30x.o
 .debug_aranges
                0x0000000000000228       0x20 ./src/main.o

.debug_pubnames
 *(.debug_pubnames)

.debug_info     0x0000000000000000     0x1ef9
 *(.debug_info .gnu.linkonce.wi.*)
 .debug_info    0x0000000000000000      0x100 ./system/src/newlib/_exit.o
 .debug_info    0x0000000000000100      0x125 ./system/src/newlib/_sbrk.o
 .debug_info    0x0000000000000225      0x50f ./system/src/newlib/_startup.o
 .debug_info    0x0000000000000734      0x1a9 ./system/src/newlib/_syscalls.o
 .debug_info    0x00000000000008dd      0x32b ./system/src/diag/Trace.o
 .debug_info    0x0000000000000c08      0x304 ./system/src/diag/trace_impl.o
 .debug_info    0x0000000000000f0c       0xdf ./system/src/cortexm/_initialize_hardware.o
 .debug_info    0x0000000000000feb      0x8f2 ./system/src/cortexm/exception_handlers.o
 .debug_info    0x00000000000018dd      0x486 ./system/src/cmsis/system_stm32f30x.o
 .debug_info    0x0000000000001d63       0xd1 ./system/src/cmsis/vectors_stm32f30x.o
 .debug_info    0x0000000000001e34       0xc5 ./src/main.o

.debug_abbrev   0x0000000000000000      0xc8d
 *(.debug_abbrev)
 .debug_abbrev  0x0000000000000000       0xa4 ./system/src/newlib/_exit.o
 .debug_abbrev  0x00000000000000a4       0xbb ./system/src/newlib/_sbrk.o
 .debug_abbrev  0x000000000000015f      0x211 ./system/src/newlib/_startup.o
 .debug_abbrev  0x0000000000000370       0xe7 ./system/src/newlib/_syscalls.o
 .debug_abbrev  0x0000000000000457      0x178 ./system/src/diag/Trace.o
 .debug_abbrev  0x00000000000005cf      0x1bd ./system/src/diag/trace_impl.o
 .debug_abbrev  0x000000000000078c       0x88 ./system/src/cortexm/_initialize_hardware.o
 .debug_abbrev  0x0000000000000814      0x23e ./system/src/cortexm/exception_handlers.o
 .debug_abbrev  0x0000000000000a52      0x13d ./system/src/cmsis/system_stm32f30x.o
 .debug_abbrev  0x0000000000000b8f       0x9d ./system/src/cmsis/vectors_stm32f30x.o
 .debug_abbrev  0x0000000000000c2c       0x61 ./src/main.o

.debug_line     0x0000000000000000     0x1f16
 *(.debug_line)
 .debug_line    0x0000000000000000      0x1fe ./system/src/newlib/_exit.o
 .debug_line    0x00000000000001fe      0x1a1 ./system/src/newlib/_sbrk.o
 .debug_line    0x000000000000039f      0x271 ./system/src/newlib/_startup.o
 .debug_line    0x0000000000000610      0x2a6 ./system/src/newlib/_syscalls.o
 .debug_line    0x00000000000008b6      0x259 ./system/src/diag/Trace.o
 .debug_line    0x0000000000000b0f      0x4df ./system/src/diag/trace_impl.o
 .debug_line    0x0000000000000fee      0x33d ./system/src/cortexm/_initialize_hardware.o
 .debug_line    0x000000000000132b      0x599 ./system/src/cortexm/exception_handlers.o
 .debug_line    0x00000000000018c4      0x37e ./system/src/cmsis/system_stm32f30x.o
 .debug_line    0x0000000000001c42       0xd4 ./system/src/cmsis/vectors_stm32f30x.o
 .debug_line    0x0000000000001d16      0x200 ./src/main.o

.debug_frame    0x0000000000000000      0x6f4
 *(.debug_frame)
 .debug_frame   0x0000000000000000       0x38 ./system/src/newlib/_exit.o
 .debug_frame   0x0000000000000038       0x28 ./system/src/newlib/_sbrk.o
 .debug_frame   0x0000000000000060       0x7c ./system/src/newlib/_startup.o
 .debug_frame   0x00000000000000dc       0x50 ./system/src/newlib/_syscalls.o
 .debug_frame   0x000000000000012c       0x94 ./system/src/diag/Trace.o
 .debug_frame   0x00000000000001c0       0x60 ./system/src/diag/trace_impl.o
 .debug_frame   0x0000000000000220       0x40 ./system/src/cortexm/_initialize_hardware.o
 .debug_frame   0x0000000000000260      0x158 ./system/src/cortexm/exception_handlers.o
 .debug_frame   0x00000000000003b8       0x50 ./system/src/cmsis/system_stm32f30x.o
 .debug_frame   0x0000000000000408       0x20 ./system/src/cmsis/vectors_stm32f30x.o
 .debug_frame   0x0000000000000428       0x20 ./src/main.o
 .debug_frame   0x0000000000000448       0x20 /usr/bin/../lib/gcc/arm-none-eabi/4.9.3/../../../../arm-none-eabi/lib/armv7e-m/libg_nano.a(lib_a-errno.o)
 .debug_frame   0x0000000000000468       0x50 /usr/bin/../lib/gcc/arm-none-eabi/4.9.3/../../../../arm-none-eabi/lib/armv7e-m/libg_nano.a(lib_a-vsnprintf.o)
 .debug_frame   0x00000000000004b8       0x8c /usr/bin/../lib/gcc/arm-none-eabi/4.9.3/../../../../arm-none-eabi/lib/armv7e-m/libg_nano.a(lib_a-nano-svfprintf.o)
 .debug_frame   0x0000000000000544       0x58 /usr/bin/../lib/gcc/arm-none-eabi/4.9.3/../../../../arm-none-eabi/lib/armv7e-m/libg_nano.a(lib_a-nano-vfprintf_i.o)
 .debug_frame   0x000000000000059c       0x28 /usr/bin/../lib/gcc/arm-none-eabi/4.9.3/../../../../arm-none-eabi/lib/armv7e-m/libg_nano.a(lib_a-memchr.o)
 .debug_frame   0x00000000000005c4       0x28 /usr/bin/../lib/gcc/arm-none-eabi/4.9.3/../../../../arm-none-eabi/lib/armv7e-m/libg_nano.a(lib_a-memcpy.o)
 .debug_frame   0x00000000000005ec       0x28 /usr/bin/../lib/gcc/arm-none-eabi/4.9.3/../../../../arm-none-eabi/lib/armv7e-m/libg_nano.a(lib_a-memmove.o)
 .debug_frame   0x0000000000000614       0x2c /usr/bin/../lib/gcc/arm-none-eabi/4.9.3/../../../../arm-none-eabi/lib/armv7e-m/libg_nano.a(lib_a-nano-freer.o)
 .debug_frame   0x0000000000000640       0x2c /usr/bin/../lib/gcc/arm-none-eabi/4.9.3/../../../../arm-none-eabi/lib/armv7e-m/libg_nano.a(lib_a-nano-mallocr.o)
 .debug_frame   0x000000000000066c       0x3c /usr/bin/../lib/gcc/arm-none-eabi/4.9.3/../../../../arm-none-eabi/lib/armv7e-m/libg_nano.a(lib_a-nano-reallocr.o)
 .debug_frame   0x00000000000006a8       0x2c /usr/bin/../lib/gcc/arm-none-eabi/4.9.3/../../../../arm-none-eabi/lib/armv7e-m/libg_nano.a(lib_a-sbrkr.o)
 .debug_frame   0x00000000000006d4       0x20 /usr/bin/../lib/gcc/arm-none-eabi/4.9.3/../../../../arm-none-eabi/lib/armv7e-m/libg_nano.a(lib_a-nano-msizer.o)

.debug_str      0x0000000000000000    0x5942e
 *(.debug_str)
 .debug_str     0x0000000000000000     0x5ced ./system/src/newlib/_exit.o
                                       0x5e5f (size before relaxing)
 .debug_str     0x0000000000005ced      0x4de ./system/src/newlib/_sbrk.o
                                       0x45d1 (size before relaxing)
 .debug_str     0x00000000000061cb      0xc2b ./system/src/newlib/_startup.o
                                       0x420f (size before relaxing)
 .debug_str     0x0000000000006df6     0x1174 ./system/src/newlib/_syscalls.o
                                       0x65cb (size before relaxing)
 .debug_str     0x0000000000007f6a      0x9c9 ./system/src/diag/Trace.o
                                       0x6780 (size before relaxing)
 .debug_str     0x0000000000008933    0x5071f ./system/src/diag/trace_impl.o
                                      0x562ab (size before relaxing)
 .debug_str     0x0000000000059052       0x4e ./system/src/cortexm/_initialize_hardware.o
                                      0x5340e (size before relaxing)
 .debug_str     0x00000000000590a0      0x20e ./system/src/cortexm/exception_handlers.o
                                      0x57049 (size before relaxing)
 .debug_str     0x00000000000592ae      0x11b ./system/src/cmsis/system_stm32f30x.o
                                      0x5352e (size before relaxing)
 .debug_str     0x00000000000593c9       0x57 ./system/src/cmsis/vectors_stm32f30x.o
                                       0x3063 (size before relaxing)
 .debug_str     0x0000000000059420        0xe ./src/main.o
                                       0x667b (size before relaxing)

.debug_loc      0x0000000000000000      0xa72
 *(.debug_loc)
 .debug_loc     0x0000000000000000       0x82 ./system/src/newlib/_sbrk.o
 .debug_loc     0x0000000000000082      0x36e ./system/src/newlib/_startup.o
 .debug_loc     0x00000000000003f0       0x63 ./system/src/newlib/_syscalls.o
 .debug_loc     0x0000000000000453       0xf7 ./system/src/diag/Trace.o
 .debug_loc     0x000000000000054a      0x17c ./system/src/diag/trace_impl.o
 .debug_loc     0x00000000000006c6      0x2a8 ./system/src/cortexm/exception_handlers.o
 .debug_loc     0x000000000000096e      0x104 ./system/src/cmsis/system_stm32f30x.o

.debug_macinfo
 *(.debug_macinfo)

.debug_weaknames
 *(.debug_weaknames)

.debug_funcnames
 *(.debug_funcnames)

.debug_typenames
 *(.debug_typenames)

.debug_varnames
 *(.debug_varnames)
OUTPUT(quad.elf elf32-littlearm)

.debug_ranges   0x0000000000000000      0x1c8
 .debug_ranges  0x0000000000000000       0x18 ./system/src/newlib/_exit.o
 .debug_ranges  0x0000000000000018       0x10 ./system/src/newlib/_sbrk.o
 .debug_ranges  0x0000000000000028       0x30 ./system/src/newlib/_startup.o
 .debug_ranges  0x0000000000000058       0x20 ./system/src/newlib/_syscalls.o
 .debug_ranges  0x0000000000000078       0x28 ./system/src/diag/Trace.o
 .debug_ranges  0x00000000000000a0       0x38 ./system/src/diag/trace_impl.o
 .debug_ranges  0x00000000000000d8       0x18 ./system/src/cortexm/_initialize_hardware.o
 .debug_ranges  0x00000000000000f0       0x98 ./system/src/cortexm/exception_handlers.o
 .debug_ranges  0x0000000000000188       0x20 ./system/src/cmsis/system_stm32f30x.o
 .debug_ranges  0x00000000000001a8       0x10 ./system/src/cmsis/vectors_stm32f30x.o
 .debug_ranges  0x00000000000001b8       0x10 ./src/main.o

.debug_macro    0x0000000000000000     0x2b42
 .debug_macro   0x0000000000000000      0x131 ./system/src/newlib/_exit.o
 .debug_macro   0x0000000000000131       0x9c ./system/src/newlib/_exit.o
 .debug_macro   0x00000000000001cd      0x10e ./system/src/newlib/_exit.o
 .debug_macro   0x00000000000002db       0x86 ./system/src/newlib/_exit.o
 .debug_macro   0x0000000000000361       0x43 ./system/src/newlib/_exit.o
 .debug_macro   0x00000000000003a4      0x27a ./system/src/newlib/_exit.o
 .debug_macro   0x000000000000061e       0x35 ./system/src/newlib/_exit.o
 .debug_macro   0x0000000000000653       0xda ./system/src/newlib/_sbrk.o
 .debug_macro   0x000000000000072d       0x19 ./system/src/newlib/_sbrk.o
 .debug_macro   0x0000000000000746      0x16d ./system/src/newlib/_sbrk.o
 .debug_macro   0x00000000000008b3       0x10 ./system/src/newlib/_sbrk.o
 .debug_macro   0x00000000000008c3      0x23b ./system/src/newlib/_sbrk.o
 .debug_macro   0x0000000000000afe       0xe4 ./system/src/newlib/_startup.o
 .debug_macro   0x0000000000000be2      0x89e ./system/src/newlib/_startup.o
 .debug_macro   0x0000000000001480      0x1ad ./system/src/newlib/_syscalls.o
 .debug_macro   0x000000000000162d       0x1c ./system/src/newlib/_syscalls.o
 .debug_macro   0x0000000000001649       0x10 ./system/src/newlib/_syscalls.o
 .debug_macro   0x0000000000001659       0x10 ./system/src/newlib/_syscalls.o
 .debug_macro   0x0000000000001669       0x10 ./system/src/newlib/_syscalls.o
 .debug_macro   0x0000000000001679       0x10 ./system/src/newlib/_syscalls.o
 .debug_macro   0x0000000000001689       0x35 ./system/src/newlib/_syscalls.o
 .debug_macro   0x00000000000016be      0x122 ./system/src/newlib/_syscalls.o
 .debug_macro   0x00000000000017e0       0x2e ./system/src/newlib/_syscalls.o
 .debug_macro   0x000000000000180e       0x82 ./system/src/newlib/_syscalls.o
 .debug_macro   0x0000000000001890       0x2b ./system/src/newlib/_syscalls.o
 .debug_macro   0x00000000000018bb      0x118 ./system/src/newlib/_syscalls.o
 .debug_macro   0x00000000000019d3      0x13e ./system/src/newlib/_syscalls.o
 .debug_macro   0x0000000000001b11       0x16 ./system/src/newlib/_syscalls.o
 .debug_macro   0x0000000000001b27      0x15e ./system/src/diag/Trace.o
 .debug_macro   0x0000000000001c85       0x16 ./system/src/diag/Trace.o
 .debug_macro   0x0000000000001c9b       0x97 ./system/src/diag/Trace.o
 .debug_macro   0x0000000000001d32       0xf6 ./system/src/diag/Trace.o
 .debug_macro   0x0000000000001e28       0x10 ./system/src/diag/Trace.o
 .debug_macro   0x0000000000001e38       0x16 ./system/src/diag/Trace.o
 .debug_macro   0x0000000000001e4e      0x197 ./system/src/diag/Trace.o
 .debug_macro   0x0000000000001fe5       0x52 ./system/src/diag/Trace.o
 .debug_macro   0x0000000000002037       0x16 ./system/src/diag/Trace.o
 .debug_macro   0x000000000000204d      0x24f ./system/src/diag/trace_impl.o
 .debug_macro   0x000000000000229c       0x10 ./system/src/diag/trace_impl.o
 .debug_macro   0x00000000000022ac       0xc8 ./system/src/diag/trace_impl.o
 .debug_macro   0x0000000000002374       0xbe ./system/src/diag/trace_impl.o
 .debug_macro   0x0000000000002432       0x22 ./system/src/diag/trace_impl.o
 .debug_macro   0x0000000000002454      0x15c ./system/src/cortexm/_initialize_hardware.o
 .debug_macro   0x00000000000025b0      0x28a ./system/src/cortexm/exception_handlers.o
 .debug_macro   0x000000000000283a       0x10 ./system/src/cortexm/exception_handlers.o
 .debug_macro   0x000000000000284a      0x158 ./system/src/cmsis/system_stm32f30x.o
 .debug_macro   0x00000000000029a2       0x34 ./system/src/cmsis/vectors_stm32f30x.o
 .debug_macro   0x00000000000029d6      0x16c ./src/main.o
