Archive member included because of file (symbol)

/usr/bin/../lib/gcc/arm-none-eabi/4.9.3/armv7e-m/libgcc.a(_arm_addsubsf3.o)
                              ./system/src/uz_quad/mpu6050.o (__aeabi_ui2f)
/usr/bin/../lib/gcc/arm-none-eabi/4.9.3/armv7e-m/libgcc.a(_arm_muldivsf3.o)
                              ./system/src/uz_quad/mpu6050.o (__aeabi_fdiv)
/usr/bin/../lib/gcc/arm-none-eabi/4.9.3/armv7e-m/libgcc.a(_arm_cmpsf2.o)
                              ./system/src/uz_quad/mpu6050.o (__aeabi_fcmpeq)
/usr/bin/../lib/gcc/arm-none-eabi/4.9.3/../../../../arm-none-eabi/lib/armv7e-m/libg_nano.a(lib_a-atoi.o)
                              ./src/main.o (atoi)
/usr/bin/../lib/gcc/arm-none-eabi/4.9.3/../../../../arm-none-eabi/lib/armv7e-m/libg_nano.a(lib_a-errno.o)
                              ./system/src/newlib/_sbrk.o (__errno)
/usr/bin/../lib/gcc/arm-none-eabi/4.9.3/../../../../arm-none-eabi/lib/armv7e-m/libg_nano.a(lib_a-impure.o)
                              /usr/bin/../lib/gcc/arm-none-eabi/4.9.3/../../../../arm-none-eabi/lib/armv7e-m/libg_nano.a(lib_a-errno.o) (_impure_ptr)
/usr/bin/../lib/gcc/arm-none-eabi/4.9.3/../../../../arm-none-eabi/lib/armv7e-m/libg_nano.a(lib_a-strtol.o)
                              /usr/bin/../lib/gcc/arm-none-eabi/4.9.3/../../../../arm-none-eabi/lib/armv7e-m/libg_nano.a(lib_a-atoi.o) (_strtol_r)
/usr/bin/../lib/gcc/arm-none-eabi/4.9.3/../../../../arm-none-eabi/lib/armv7e-m/libg_nano.a(lib_a-ctype_.o)
                              /usr/bin/../lib/gcc/arm-none-eabi/4.9.3/../../../../arm-none-eabi/lib/armv7e-m/libg_nano.a(lib_a-strtol.o) (__ctype_ptr__)

Allocating common symbols
Common symbol       size              file

dataStruct          0x8               ./system/src/uz_quad/mpu6050.o
errno               0x4               ./system/src/newlib/_syscalls.o
received_string     0x5               ./src/main.o

Discarded input sections

 .text          0x0000000000000000        0x0 ./system/src/uz_quad/mpu6050.o
 .data          0x0000000000000000        0x0 ./system/src/uz_quad/mpu6050.o
 .bss           0x0000000000000000        0x0 ./system/src/uz_quad/mpu6050.o
 .text.MPU6050_Read
                0x0000000000000000      0x100 ./system/src/uz_quad/mpu6050.o
 .text.MPU6050_Test
                0x0000000000000000       0x20 ./system/src/uz_quad/mpu6050.o
 .text.MPU6050_Gyro_Get_Range
                0x0000000000000000       0x20 ./system/src/uz_quad/mpu6050.o
 .text.MPU6050_Accel_Get_Range
                0x0000000000000000       0x20 ./system/src/uz_quad/mpu6050.o
 .text.MPU6050_Get_Temperature
                0x0000000000000000       0x4a ./system/src/uz_quad/mpu6050.o
 .text.MPU6050_Get_Gyro_Data_Raw
                0x0000000000000000       0x94 ./system/src/uz_quad/mpu6050.o
 .text.MPU6050_Get_Gyro_Data
                0x0000000000000000       0x94 ./system/src/uz_quad/mpu6050.o
 .text.MPU6050_Get_Accel_Data_Raw
                0x0000000000000000       0x94 ./system/src/uz_quad/mpu6050.o
 .text.MPU6050_Get_Accel_Data
                0x0000000000000000       0x68 ./system/src/uz_quad/mpu6050.o
 .text.MPU6050_Write
                0x0000000000000000       0xe8 ./system/src/uz_quad/mpu6050.o
 .text.MPU6050_Gyro_Set_Range
                0x0000000000000000       0x24 ./system/src/uz_quad/mpu6050.o
 .text.MPU6050_Accel_Set_Range
                0x0000000000000000       0x24 ./system/src/uz_quad/mpu6050.o
 .text.MPU6050_Set_Clock
                0x0000000000000000       0x16 ./system/src/uz_quad/mpu6050.o
 .text.MPU6050_Initialization
                0x0000000000000000       0x1c ./system/src/uz_quad/mpu6050.o
 .data.MPU6050_Timeout
                0x0000000000000000        0x4 ./system/src/uz_quad/mpu6050.o
 .debug_info    0x0000000000000000      0xe31 ./system/src/uz_quad/mpu6050.o
 .debug_abbrev  0x0000000000000000      0x2a5 ./system/src/uz_quad/mpu6050.o
 .debug_loc     0x0000000000000000      0x562 ./system/src/uz_quad/mpu6050.o
 .debug_aranges
                0x0000000000000000       0x88 ./system/src/uz_quad/mpu6050.o
 .debug_ranges  0x0000000000000000       0x78 ./system/src/uz_quad/mpu6050.o
 .debug_line    0x0000000000000000      0x297 ./system/src/uz_quad/mpu6050.o
 .debug_str     0x0000000000000000      0x642 ./system/src/uz_quad/mpu6050.o
 .comment       0x0000000000000000       0x71 ./system/src/uz_quad/mpu6050.o
 .debug_frame   0x0000000000000000      0x1a8 ./system/src/uz_quad/mpu6050.o
 .ARM.attributes
                0x0000000000000000       0x33 ./system/src/uz_quad/mpu6050.o
 COMMON         0x0000000000000000        0x8 ./system/src/uz_quad/mpu6050.o
 .text          0x0000000000000000        0x0 ./system/src/stm32f3-stdperiph/stm32f30x_adc.o
 .data          0x0000000000000000        0x0 ./system/src/stm32f3-stdperiph/stm32f30x_adc.o
 .bss           0x0000000000000000        0x0 ./system/src/stm32f3-stdperiph/stm32f30x_adc.o
 .text.ADC_DeInit
                0x0000000000000000       0x50 ./system/src/stm32f3-stdperiph/stm32f30x_adc.o
 .text.ADC_Init
[...]
Memory Configuration

Name             Origin             Length             Attributes
RAM              0x0000000020000000 0x000000000000a000 xrw
CCMRAM           0x0000000010000000 0x0000000000002000 xrw
FLASH            0x0000000008000000 0x0000000000040000 xr
FLASHB1          0x0000000000000000 0x0000000000000000 xr
EXTMEMB0         0x0000000000000000 0x0000000000000000 xr
EXTMEMB1         0x0000000000000000 0x0000000000000000 xr
EXTMEMB2         0x0000000000000000 0x0000000000000000 xr
EXTMEMB3         0x0000000000000000 0x0000000000000000 xr
MEMORY_ARRAY     0x0000000020002000 0x0000000000000000 xrw
*default*        0x0000000000000000 0xffffffffffffffff

Linker script and memory map

LOAD ./system/src/uz_quad/mpu6050.o
LOAD ./system/src/stm32f3-stdperiph/stm32f30x_adc.o
LOAD ./system/src/stm32f3-stdperiph/stm32f30x_can.o
LOAD ./system/src/stm32f3-stdperiph/stm32f30x_comp.o
LOAD ./system/src/stm32f3-stdperiph/stm32f30x_crc.o
LOAD ./system/src/stm32f3-stdperiph/stm32f30x_dac.o
LOAD ./system/src/stm32f3-stdperiph/stm32f30x_dbgmcu.o
LOAD ./system/src/stm32f3-stdperiph/stm32f30x_dma.o
LOAD ./system/src/stm32f3-stdperiph/stm32f30x_exti.o
LOAD ./system/src/stm32f3-stdperiph/stm32f30x_flash.o
LOAD ./system/src/stm32f3-stdperiph/stm32f30x_gpio.o
LOAD ./system/src/stm32f3-stdperiph/stm32f30x_i2c.o
LOAD ./system/src/stm32f3-stdperiph/stm32f30x_iwdg.o
LOAD ./system/src/stm32f3-stdperiph/stm32f30x_misc.o
LOAD ./system/src/stm32f3-stdperiph/stm32f30x_opamp.o
LOAD ./system/src/stm32f3-stdperiph/stm32f30x_pwr.o
LOAD ./system/src/stm32f3-stdperiph/stm32f30x_rcc.o
LOAD ./system/src/stm32f3-stdperiph/stm32f30x_rtc.o
LOAD ./system/src/stm32f3-stdperiph/stm32f30x_spi.o
LOAD ./system/src/stm32f3-stdperiph/stm32f30x_syscfg.o
LOAD ./system/src/stm32f3-stdperiph/stm32f30x_tim.o
LOAD ./system/src/stm32f3-stdperiph/stm32f30x_usart.o
LOAD ./system/src/stm32f3-stdperiph/stm32f30x_wwdg.o
LOAD ./system/src/newlib/_cxx.o
LOAD ./system/src/newlib/_exit.o
LOAD ./system/src/newlib/_sbrk.o
LOAD ./system/src/newlib/_startup.o
LOAD ./system/src/newlib/_syscalls.o
LOAD ./system/src/newlib/assert.o
LOAD ./system/src/diag/Trace.o
LOAD ./system/src/diag/trace_impl.o
LOAD ./system/src/cortexm/_initialize_hardware.o
LOAD ./system/src/cortexm/_reset_hardware.o
LOAD ./system/src/cortexm/exception_handlers.o
LOAD ./system/src/cmsis/system_stm32f30x.o
LOAD ./system/src/cmsis/vectors_stm32f30x.o
LOAD ./src/_write.o
LOAD ./src/main.o
LOAD /usr/bin/../lib/gcc/arm-none-eabi/4.9.3/../../../../arm-none-eabi/lib/armv7e-m/libstdc++_nano.a
LOAD /usr/bin/../lib/gcc/arm-none-eabi/4.9.3/../../../../arm-none-eabi/lib/armv7e-m/libm.a
START GROUP
LOAD /usr/bin/../lib/gcc/arm-none-eabi/4.9.3/armv7e-m/libgcc.a
LOAD /usr/bin/../lib/gcc/arm-none-eabi/4.9.3/../../../../arm-none-eabi/lib/armv7e-m/libg_nano.a
LOAD /usr/bin/../lib/gcc/arm-none-eabi/4.9.3/../../../../arm-none-eabi/lib/armv7e-m/libc_nano.a
END GROUP
START GROUP
LOAD /usr/bin/../lib/gcc/arm-none-eabi/4.9.3/armv7e-m/libgcc.a
LOAD /usr/bin/../lib/gcc/arm-none-eabi/4.9.3/../../../../arm-none-eabi/lib/armv7e-m/libc_nano.a
END GROUP
                0x000000002000a000                __stack = (ORIGIN (RAM) + 0xa000)
                0x000000002000a000                _estack = __stack
                0x0000000000000400                __Main_Stack_Size = 0x400
                0x0000000000000400                PROVIDE (_Main_Stack_Size, __Main_Stack_Size)
                0x0000000020009c00                __Main_Stack_Limit = (__stack - __Main_Stack_Size)
                0x0000000020009c00                PROVIDE (_Main_Stack_Limit, __Main_Stack_Limit)
                0x0000000000000100                _Minimum_Stack_Size = 0x100
                0x00000000200000c0                PROVIDE (_Heap_Begin, _end_noinit)
                0x0000000020009c00                PROVIDE (_Heap_Limit, (__stack - __Main_Stack_Size))

.isr_vector     0x0000000008000000      0x2ea
 FILL mask 0xff
                0x0000000008000000                __vectors_start = ABSOLUTE (.)
                0x0000000008000000                __vectors_start__ = ABSOLUTE (.)
 *(.isr_vector)
 .isr_vector    0x0000000008000000      0x188 ./system/src/cmsis/vectors_stm32f30x.o
                0x0000000008000000                __isr_vectors
 *(.cfmconfig)
 *(.after_vectors .after_vectors.*)
 .after_vectors
                0x0000000008000188       0xd4 ./system/src/newlib/_startup.o
                0x0000000008000188                _start
 .after_vectors
                0x000000000800025c       0x8c ./system/src/cortexm/exception_handlers.o
                0x000000000800025c                Reset_Handler
                0x0000000008000260                NMI_Handler
                0x0000000008000262                HardFault_Handler
                0x0000000008000276                HardFault_Handler_C
                0x00000000080002a0                MemManage_Handler
                0x00000000080002a2                BusFault_Handler
                0x00000000080002b6                BusFault_Handler_C
                0x00000000080002b8                UsageFault_Handler
                0x00000000080002cc                UsageFault_Handler_C
                0x00000000080002ce                SVC_Handler
                0x00000000080002d0                DebugMon_Handler
                0x00000000080002d2                PendSV_Handler
                0x00000000080002d4                SysTick_Handler
 .after_vectors
                0x00000000080002e8        0x2 ./system/src/cmsis/vectors_stm32f30x.o
                0x00000000080002e8                RTC_Alarm_IRQHandler
                0x00000000080002e8                TIM8_TRG_COM_IRQHandler
                0x00000000080002e8                TIM8_CC_IRQHandler
                0x00000000080002e8                TIM1_CC_IRQHandler
                0x00000000080002e8                USB_HP_IRQHandler
                0x00000000080002e8                PVD_IRQHandler
                0x00000000080002e8                EXTI3_IRQHandler
                0x00000000080002e8                EXTI0_IRQHandler
                0x00000000080002e8                I2C2_EV_IRQHandler
                0x00000000080002e8                FPU_IRQHandler
                0x00000000080002e8                EXTI2_TS_IRQHandler
                0x00000000080002e8                TIM1_UP_TIM16_IRQHandler
                0x00000000080002e8                ADC1_2_IRQHandler
                0x00000000080002e8                SPI1_IRQHandler
                0x00000000080002e8                TIM6_DAC_IRQHandler
                0x00000000080002e8                TIM8_UP_IRQHandler
                0x00000000080002e8                DMA2_Channel2_IRQHandler
                0x00000000080002e8                DMA1_Channel4_IRQHandler
                0x00000000080002e8                USART3_IRQHandler
                0x00000000080002e8                DMA1_Channel7_IRQHandler
                0x00000000080002e8                CAN1_RX1_IRQHandler
                0x00000000080002e8                UART5_IRQHandler
                0x00000000080002e8                ADC3_IRQHandler
                0x00000000080002e8                TIM4_IRQHandler
                0x00000000080002e8                DMA2_Channel1_IRQHandler
                0x00000000080002e8                I2C1_EV_IRQHandler
                0x00000000080002e8                DMA1_Channel6_IRQHandler
                0x00000000080002e8                UART4_IRQHandler
                0x00000000080002e8                DMA2_Channel4_IRQHandler
                0x00000000080002e8                TIM3_IRQHandler
                0x00000000080002e8                RCC_IRQHandler
                0x00000000080002e8                DMA1_Channel1_IRQHandler
                0x00000000080002e8                Default_Handler
                0x00000000080002e8                USBWakeUp_RMP_IRQHandler
                0x00000000080002e8                EXTI15_10_IRQHandler
                0x00000000080002e8                TIM7_IRQHandler
                0x00000000080002e8                EXTI9_5_IRQHandler
                0x00000000080002e8                TAMPER_STAMP_IRQHandler
                0x00000000080002e8                RTC_WKUP_IRQHandler
                0x00000000080002e8                SPI2_IRQHandler
                0x00000000080002e8                DMA2_Channel5_IRQHandler
                0x00000000080002e8                DMA1_Channel5_IRQHandler
                0x00000000080002e8                USB_LP_IRQHandler
                0x00000000080002e8                EXTI4_IRQHandler
                0x00000000080002e8                USB_LP_CAN1_RX0_IRQHandler
                0x00000000080002e8                TIM1_TRG_COM_TIM17_IRQHandler
                0x00000000080002e8                USB_HP_CAN1_TX_IRQHandler
                0x00000000080002e8                DMA1_Channel3_IRQHandler
                0x00000000080002e8                ADC4_IRQHandler
                0x00000000080002e8                WWDG_IRQHandler
                0x00000000080002e8                TIM2_IRQHandler
                0x00000000080002e8                COMP7_IRQHandler
                0x00000000080002e8                COMP1_2_3_IRQHandler
                0x00000000080002e8                EXTI1_IRQHandler
                0x00000000080002e8                USART2_IRQHandler
                0x00000000080002e8                COMP4_5_6_IRQHandler
                0x00000000080002e8                I2C2_ER_IRQHandler
                0x00000000080002e8                DMA1_Channel2_IRQHandler
                0x00000000080002e8                TIM8_BRK_IRQHandler
                0x00000000080002e8                CAN1_SCE_IRQHandler
                0x00000000080002e8                FLASH_IRQHandler
                0x00000000080002e8                SPI3_IRQHandler
                0x00000000080002e8                I2C1_ER_IRQHandler
                0x00000000080002e8                USBWakeUp_IRQHandler
                0x00000000080002e8                DMA2_Channel3_IRQHandler
                0x00000000080002e8                TIM1_BRK_TIM15_IRQHandler

.inits          0x00000000080002ec       0x28
                0x00000000080002ec                __data_regions_array_start = .
                0x00000000080002ec        0x4 LONG 0x80011b8 LOADADDR (.data)
                0x00000000080002f0        0x4 LONG 0x20000000 ADDR (.data)
                0x00000000080002f4        0x4 LONG 0x200000b0 (ADDR (.data) + SIZEOF (.data))
                0x00000000080002f8        0x4 LONG 0x80011b8 LOADADDR (.data_CCMRAM)
                0x00000000080002fc        0x4 LONG 0x10000000 ADDR (.data_CCMRAM)
                0x0000000008000300        0x4 LONG 0x10000000 (ADDR (.data_CCMRAM) + SIZEOF (.data_CCMRAM))
                0x0000000008000304                __data_regions_array_end = .
                0x0000000008000304                __bss_regions_array_start = .
                0x0000000008000304        0x4 LONG 0x200000b0 ADDR (.bss)
                0x0000000008000308        0x4 LONG 0x200000c0 (ADDR (.bss) + SIZEOF (.bss))
                0x000000000800030c        0x4 LONG 0x10000000 ADDR (.bss_CCMRAM)
                0x0000000008000310        0x4 LONG 0x10000000 (ADDR (.bss_CCMRAM) + SIZEOF (.bss_CCMRAM))
                0x0000000008000314                __bss_regions_array_end = .
 *(.init)
 *(.fini)
                0x0000000008000314                . = ALIGN (0x4)
                0x0000000008000314                PROVIDE (__preinit_array_start, .)
 *(.preinit_array_sysinit .preinit_array_sysinit.*)
 *(.preinit_array_platform .preinit_array_platform.*)
 *(.preinit_array .preinit_array.*)
                0x0000000008000314                PROVIDE (__preinit_array_end, .)
                0x0000000008000314                . = ALIGN (0x4)
                0x0000000008000314                PROVIDE (__init_array_start, .)
 *(SORT(.init_array.*))
 *(.init_array)
                0x0000000008000314                PROVIDE (__init_array_end, .)
                0x0000000008000314                . = ALIGN (0x4)
                0x0000000008000314                PROVIDE (__fini_array_start, .)
 *(SORT(.fini_array.*))
 *(.fini_array)
                0x0000000008000314                PROVIDE (__fini_array_end, .)

.flashtext
 *(.flashtext .flashtext.*)

.text           0x0000000008000314      0xea3
 *(.text .text.*)
 .text.GPIO_Init
                0x0000000008000314       0x78 ./system/src/stm32f3-stdperiph/stm32f30x_gpio.o
                0x0000000008000314                GPIO_Init
 .text.GPIO_SetBits
                0x000000000800038c        0x4 ./system/src/stm32f3-stdperiph/stm32f30x_gpio.o
                0x000000000800038c                GPIO_SetBits
 .text.GPIO_ResetBits
                0x0000000008000390        0x4 ./system/src/stm32f3-stdperiph/stm32f30x_gpio.o
                0x0000000008000390                GPIO_ResetBits
 .text.GPIO_PinAFConfig
                0x0000000008000394       0x24 ./system/src/stm32f3-stdperiph/stm32f30x_gpio.o
                0x0000000008000394                GPIO_PinAFConfig
 .text.NVIC_Init
                0x00000000080003b8       0x6c ./system/src/stm32f3-stdperiph/stm32f30x_misc.o
                0x00000000080003b8                NVIC_Init
 .text.RCC_GetClocksFreq
                0x0000000008000424      0x250 ./system/src/stm32f3-stdperiph/stm32f30x_rcc.o
                0x0000000008000424                RCC_GetClocksFreq
 .text.RCC_AHBPeriphClockCmd
                0x0000000008000674       0x18 ./system/src/stm32f3-stdperiph/stm32f30x_rcc.o
                0x0000000008000674                RCC_AHBPeriphClockCmd
 .text.RCC_APB2PeriphClockCmd
                0x000000000800068c       0x18 ./system/src/stm32f3-stdperiph/stm32f30x_rcc.o
                0x000000000800068c                RCC_APB2PeriphClockCmd
 .text.RCC_APB1PeriphClockCmd
                0x00000000080006a4       0x18 ./system/src/stm32f3-stdperiph/stm32f30x_rcc.o
                0x00000000080006a4                RCC_APB1PeriphClockCmd
 .text.TIM_TimeBaseInit
                0x00000000080006bc       0x8c ./system/src/stm32f3-stdperiph/stm32f30x_tim.o
                0x00000000080006bc                TIM_TimeBaseInit
 .text.TIM_Cmd  0x0000000008000748       0x18 ./system/src/stm32f3-stdperiph/stm32f30x_tim.o
                0x0000000008000748                TIM_Cmd
 .text.TIM_OC1Init
                0x0000000008000760       0x7c ./system/src/stm32f3-stdperiph/stm32f30x_tim.o
                0x0000000008000760                TIM_OC1Init
 .text.TIM_OC2Init
                0x00000000080007dc       0x6c ./system/src/stm32f3-stdperiph/stm32f30x_tim.o
                0x00000000080007dc                TIM_OC2Init
 .text.TIM_OC3Init
                0x0000000008000848       0x68 ./system/src/stm32f3-stdperiph/stm32f30x_tim.o
                0x0000000008000848                TIM_OC3Init
 .text.TIM_OC4Init
                0x00000000080008b0       0x50 ./system/src/stm32f3-stdperiph/stm32f30x_tim.o
                0x00000000080008b0                TIM_OC4Init
 .text.TIM_OC1PreloadConfig
                0x0000000008000900        0xc ./system/src/stm32f3-stdperiph/stm32f30x_tim.o
                0x0000000008000900                TIM_OC1PreloadConfig
 .text.TIM_OC2PreloadConfig
                0x000000000800090c        0xe ./system/src/stm32f3-stdperiph/stm32f30x_tim.o
                0x000000000800090c                TIM_OC2PreloadConfig
 .text.TIM_OC3PreloadConfig
                0x000000000800091a        0xc ./system/src/stm32f3-stdperiph/stm32f30x_tim.o
                0x000000000800091a                TIM_OC3PreloadConfig
 .text.TIM_OC4PreloadConfig
                0x0000000008000926        0xe ./system/src/stm32f3-stdperiph/stm32f30x_tim.o
                0x0000000008000926                TIM_OC4PreloadConfig
 .text.USART_Init
                0x0000000008000934       0xb8 ./system/src/stm32f3-stdperiph/stm32f30x_usart.o
                0x0000000008000934                USART_Init
 .text.USART_Cmd
                0x00000000080009ec       0x12 ./system/src/stm32f3-stdperiph/stm32f30x_usart.o
                0x00000000080009ec                USART_Cmd
 .text.USART_ITConfig
                0x00000000080009fe       0x2e ./system/src/stm32f3-stdperiph/stm32f30x_usart.o
                0x00000000080009fe                USART_ITConfig
 .text.USART_GetITStatus
                0x0000000008000a2c       0x38 ./system/src/stm32f3-stdperiph/stm32f30x_usart.o
                0x0000000008000a2c                USART_GetITStatus
 .text._exit    0x0000000008000a64        0x6 ./system/src/newlib/_exit.o
                0x0000000008000a64                _exit
 *fill*         0x0000000008000a6a        0x2 
 .text.__initialize_args
                0x0000000008000a6c       0x10 ./system/src/newlib/_syscalls.o
                0x0000000008000a6c                __initialize_args
 .text.__initialize_hardware_early
                0x0000000008000a7c        0x4 ./system/src/cortexm/_initialize_hardware.o
                0x0000000008000a7c                __initialize_hardware_early
 .text.__initialize_hardware
                0x0000000008000a80        0x4 ./system/src/cortexm/_initialize_hardware.o
                0x0000000008000a80                __initialize_hardware
 .text.__reset_hardware
                0x0000000008000a84       0x20 ./system/src/cortexm/_reset_hardware.o
                0x0000000008000a84                __reset_hardware
 .text.isSemihosting
                0x0000000008000aa4       0x1c ./system/src/cortexm/exception_handlers.o
                0x0000000008000aa4                isSemihosting
 .text.SystemInit
                0x0000000008000ac0       0xf0 ./system/src/cmsis/system_stm32f30x.o
                0x0000000008000ac0                SystemInit
 .text.SystemCoreClockUpdate
                0x0000000008000bb0       0x68 ./system/src/cmsis/system_stm32f30x.o
                0x0000000008000bb0                SystemCoreClockUpdate
 .text.startup.main
                0x0000000008000c18      0x314 ./src/main.o
                0x0000000008000c18                main
 .text.USART1_IRQHandler
                0x0000000008000f2c       0x58 ./src/main.o
                0x0000000008000f2c                USART1_IRQHandler
 .text.atoi     0x0000000008000f84        0x8 /usr/bin/../lib/gcc/arm-none-eabi/4.9.3/../../../../arm-none-eabi/lib/armv7e-m/libg_nano.a(lib_a-atoi.o)
                0x0000000008000f84                atoi
 .text._strtol_r
                0x0000000008000f8c      0x10c /usr/bin/../lib/gcc/arm-none-eabi/4.9.3/../../../../arm-none-eabi/lib/armv7e-m/libg_nano.a(lib_a-strtol.o)
                0x0000000008000f8c                _strtol_r
 .text.strtol   0x0000000008001098       0x1c /usr/bin/../lib/gcc/arm-none-eabi/4.9.3/../../../../arm-none-eabi/lib/armv7e-m/libg_nano.a(lib_a-strtol.o)
                0x0000000008001098                strtol
 *(.rodata .rodata.* .constdata .constdata.*)
 .rodata.str1.1
                0x00000000080010b4        0x2 /usr/bin/../lib/gcc/arm-none-eabi/4.9.3/../../../../arm-none-eabi/lib/armv7e-m/libg_nano.a(lib_a-impure.o)
 .rodata._ctype_
                0x00000000080010b6      0x101 /usr/bin/../lib/gcc/arm-none-eabi/4.9.3/../../../../arm-none-eabi/lib/armv7e-m/libg_nano.a(lib_a-ctype_.o)
                0x00000000080010b6                _ctype_
 *(vtable)
 *(.eh_frame*)
 *(.glue_7)
 .glue_7        0x0000000000000000        0x0 linker stubs
 *(.glue_7t)
 .glue_7t       0x0000000000000000        0x0 linker stubs

.vfp11_veneer   0x00000000080011b8        0x0
 .vfp11_veneer  0x0000000000000000        0x0 linker stubs

.v4_bx          0x00000000080011b8        0x0
 .v4_bx         0x0000000000000000        0x0 linker stubs

.iplt           0x00000000080011b8        0x0
 .iplt          0x0000000000000000        0x0 ./system/src/uz_quad/mpu6050.o

.rel.dyn        0x00000000080011b8        0x0
 .rel.iplt      0x0000000000000000        0x0 ./system/src/uz_quad/mpu6050.o

.ARM.extab
 *(.ARM.extab* .gnu.linkonce.armextab.*)
                0x00000000080011b8                . = ALIGN (0x4)
                0x00000000080011b8                __exidx_start = .

.ARM.exidx
 *(.ARM.exidx* .gnu.linkonce.armexidx.*)
                0x00000000080011b8                __exidx_end = .
                0x00000000080011b8                . = ALIGN (0x4)
                0x00000000080011b8                _etext = .
                0x00000000080011b8                __etext = .

.data_CCMRAM    0x0000000010000000        0x0 load address 0x00000000080011b8
 FILL mask 0xff
 *(.data.CCMRAM .data.CCMRAM.*)
                0x0000000010000000                . = ALIGN (0x4)
                0x00000000080011b8                _sidata = LOADADDR (.data)

.data           0x0000000020000000       0xb0 load address 0x00000000080011b8
 FILL mask 0xff
                0x0000000020000000                _sdata = .
                0x0000000020000000                __data_start__ = .
 *(.data_begin .data_begin.*)
 *(.data .data.*)
 .data.ADCPrescTable
                0x0000000020000000       0x1a ./system/src/stm32f3-stdperiph/stm32f30x_rcc.o
 .data.APBAHBPrescTable
                0x000000002000001a       0x10 ./system/src/stm32f3-stdperiph/stm32f30x_rcc.o
 *fill*         0x000000002000002a        0x2 
 .data.argv.4157
                0x000000002000002c        0x8 ./system/src/newlib/_syscalls.o
 .data.AHBPrescTable
                0x0000000020000034       0x10 ./system/src/cmsis/system_stm32f30x.o
                0x0000000020000034                AHBPrescTable
 .data.SystemCoreClock
                0x0000000020000044        0x4 ./system/src/cmsis/system_stm32f30x.o
                0x0000000020000044                SystemCoreClock
 .data.impure_data
                0x0000000020000048       0x60 /usr/bin/../lib/gcc/arm-none-eabi/4.9.3/../../../../arm-none-eabi/lib/armv7e-m/libg_nano.a(lib_a-impure.o)
 .data._impure_ptr
                0x00000000200000a8        0x4 /usr/bin/../lib/gcc/arm-none-eabi/4.9.3/../../../../arm-none-eabi/lib/armv7e-m/libg_nano.a(lib_a-impure.o)
                0x00000000200000a8                _impure_ptr
 .data.__ctype_ptr__
                0x00000000200000ac        0x4 /usr/bin/../lib/gcc/arm-none-eabi/4.9.3/../../../../arm-none-eabi/lib/armv7e-m/libg_nano.a(lib_a-ctype_.o)
                0x00000000200000ac                __ctype_ptr__
 *(.data_end .data_end.*)
                0x00000000200000b0                . = ALIGN (0x4)
                0x00000000200000b0                _edata = .
                0x00000000200000b0                __data_end__ = .

.igot.plt       0x00000000200000b0        0x0 load address 0x0000000008001268
 .igot.plt      0x0000000000000000        0x0 ./system/src/uz_quad/mpu6050.o

.bss_CCMRAM     0x0000000010000000        0x0
 *(.bss.CCMRAM .bss.CCMRAM.*)

.bss            0x00000000200000b0       0x10
                0x00000000200000b0                __bss_start__ = .
                0x00000000200000b0                _sbss = .
 *(.bss_begin .bss_begin.*)
 *(.bss .bss.*)
 .bss.name.4156
                0x00000000200000b0        0x1 ./system/src/newlib/_syscalls.o
 *fill*         0x00000000200000b1        0x3 
 .bss.data      0x00000000200000b4        0x4 ./src/main.o
                0x00000000200000b4                data
 .bss.cnt       0x00000000200000b8        0x1 ./src/main.o
                0x00000000200000b8                cnt
 *(COMMON)
 COMMON         0x00000000200000b9        0x5 ./src/main.o
                0x00000000200000b9                received_string
 *(.bss_end .bss_end.*)
                0x00000000200000c0                . = ALIGN (0x4)
 *fill*         0x00000000200000be        0x2 
                0x00000000200000c0                __bss_end__ = .
                0x00000000200000c0                _ebss = .

.noinit_CCMRAM
 *(.noinit.CCMRAM .noinit.CCMRAM.*)

.noinit         0x00000000200000c0        0x0
                0x00000000200000c0                _noinit = .
 *(.noinit .noinit.*)
                0x00000000200000c0                . = ALIGN (0x4)
                0x00000000200000c0                _end_noinit = .
                0x00000000200000c0                PROVIDE (end, _end_noinit)
                0x00000000200000c0                PROVIDE (_end, _end_noinit)
                0x00000000200000c0                PROVIDE (__end, _end_noinit)
                0x00000000200000c0                PROVIDE (__end__, _end_noinit)

._check_stack   0x00000000200000c0      0x100
                0x00000000200001c0                . = (. + _Minimum_Stack_Size)
 *fill*         0x00000000200000c0      0x100 

.b1text
 *(.b1text)
 *(.b1rodata)
 *(.b1rodata.*)

.eb0text
 *(.eb0text)
 *(.eb0rodata)
 *(.eb0rodata.*)

.eb1text
 *(.eb1text)
 *(.eb1rodata)
 *(.eb1rodata.*)

.eb2text
 *(.eb2text)
 *(.eb2rodata)
 *(.eb2rodata.*)

.eb3text
 *(.eb3text)
 *(.eb3rodata)
 *(.eb3rodata.*)

.stab
 *(.stab)

.stabstr
 *(.stabstr)

.stab.excl
 *(.stab.excl)

.stab.exclstr
 *(.stab.exclstr)

.stab.index
 *(.stab.index)

.stab.indexstr
 *(.stab.indexstr)

.comment        0x0000000000000000       0x70
 *(.comment)
 .comment       0x0000000000000000       0x70 ./system/src/stm32f3-stdperiph/stm32f30x_gpio.o
                                         0x71 (size before relaxing)
 .comment       0x0000000000000000       0x71 ./system/src/stm32f3-stdperiph/stm32f30x_misc.o
 .comment       0x0000000000000000       0x71 ./system/src/stm32f3-stdperiph/stm32f30x_rcc.o
 .comment       0x0000000000000000       0x71 ./system/src/stm32f3-stdperiph/stm32f30x_tim.o
 .comment       0x0000000000000000       0x71 ./system/src/stm32f3-stdperiph/stm32f30x_usart.o
 .comment       0x0000000000000000       0x71 ./system/src/newlib/_exit.o
 .comment       0x0000000000000000       0x71 ./system/src/newlib/_startup.o
 .comment       0x0000000000000000       0x71 ./system/src/newlib/_syscalls.o
 .comment       0x0000000000000000       0x71 ./system/src/cortexm/_initialize_hardware.o
 .comment       0x0000000000000000       0x71 ./system/src/cortexm/_reset_hardware.o
 .comment       0x0000000000000000       0x71 ./system/src/cortexm/exception_handlers.o
 .comment       0x0000000000000000       0x71 ./system/src/cmsis/system_stm32f30x.o
 .comment       0x0000000000000000       0x71 ./system/src/cmsis/vectors_stm32f30x.o
 .comment       0x0000000000000000       0x71 ./src/main.o

.ARM.attributes
                0x0000000000000000       0x33
 .ARM.attributes
                0x0000000000000000       0x33 ./system/src/stm32f3-stdperiph/stm32f30x_gpio.o
 .ARM.attributes
                0x0000000000000033       0x33 ./system/src/stm32f3-stdperiph/stm32f30x_misc.o
 .ARM.attributes
                0x0000000000000066       0x33 ./system/src/stm32f3-stdperiph/stm32f30x_rcc.o
 .ARM.attributes
                0x0000000000000099       0x33 ./system/src/stm32f3-stdperiph/stm32f30x_tim.o
 .ARM.attributes
                0x00000000000000cc       0x33 ./system/src/stm32f3-stdperiph/stm32f30x_usart.o
 .ARM.attributes
                0x00000000000000ff       0x33 ./system/src/newlib/_exit.o
 .ARM.attributes
                0x0000000000000132       0x33 ./system/src/newlib/_startup.o
 .ARM.attributes
                0x0000000000000165       0x33 ./system/src/newlib/_syscalls.o
 .ARM.attributes
                0x0000000000000198       0x33 ./system/src/cortexm/_initialize_hardware.o
 .ARM.attributes
                0x00000000000001cb       0x33 ./system/src/cortexm/_reset_hardware.o
 .ARM.attributes
                0x00000000000001fe       0x33 ./system/src/cortexm/exception_handlers.o
 .ARM.attributes
                0x0000000000000231       0x33 ./system/src/cmsis/system_stm32f30x.o
 .ARM.attributes
                0x0000000000000264       0x33 ./system/src/cmsis/vectors_stm32f30x.o
 .ARM.attributes
                0x0000000000000297       0x33 ./src/main.o
 .ARM.attributes
                0x00000000000002ca       0x2e /usr/bin/../lib/gcc/arm-none-eabi/4.9.3/../../../../arm-none-eabi/lib/armv7e-m/libg_nano.a(lib_a-atoi.o)
 .ARM.attributes
                0x00000000000002f8       0x2e /usr/bin/../lib/gcc/arm-none-eabi/4.9.3/../../../../arm-none-eabi/lib/armv7e-m/libg_nano.a(lib_a-impure.o)
 .ARM.attributes
                0x0000000000000326       0x2e /usr/bin/../lib/gcc/arm-none-eabi/4.9.3/../../../../arm-none-eabi/lib/armv7e-m/libg_nano.a(lib_a-strtol.o)
 .ARM.attributes
                0x0000000000000354       0x2e /usr/bin/../lib/gcc/arm-none-eabi/4.9.3/../../../../arm-none-eabi/lib/armv7e-m/libg_nano.a(lib_a-ctype_.o)

.debug
 *(.debug)

.line
 *(.line)

.debug_srcinfo
 *(.debug_srcinfo)

.debug_sfnames
 *(.debug_sfnames)

.debug_aranges  0x0000000000000000      0x920
 *(.debug_aranges)
 .debug_aranges
                0x0000000000000000       0x80 ./system/src/stm32f3-stdperiph/stm32f30x_gpio.o
 .debug_aranges
                0x0000000000000080       0x40 ./system/src/stm32f3-stdperiph/stm32f30x_misc.o
 .debug_aranges
                0x00000000000000c0      0x150 ./system/src/stm32f3-stdperiph/stm32f30x_rcc.o
 .debug_aranges
                0x0000000000000210      0x398 ./system/src/stm32f3-stdperiph/stm32f30x_tim.o
 .debug_aranges
                0x00000000000005a8      0x1a0 ./system/src/stm32f3-stdperiph/stm32f30x_usart.o
 .debug_aranges
                0x0000000000000748       0x28 ./system/src/newlib/_exit.o
 .debug_aranges
                0x0000000000000770       0x40 ./system/src/newlib/_startup.o
 .debug_aranges
                0x00000000000007b0       0x30 ./system/src/newlib/_syscalls.o
 .debug_aranges
                0x00000000000007e0       0x28 ./system/src/cortexm/_initialize_hardware.o
 .debug_aranges
                0x0000000000000808       0x20 ./system/src/cortexm/_reset_hardware.o
 .debug_aranges
                0x0000000000000828       0x88 ./system/src/cortexm/exception_handlers.o
 .debug_aranges
                0x00000000000008b0       0x28 ./system/src/cmsis/system_stm32f30x.o
 .debug_aranges
                0x00000000000008d8       0x20 ./system/src/cmsis/vectors_stm32f30x.o
 .debug_aranges
                0x00000000000008f8       0x28 ./src/main.o

.debug_pubnames
 *(.debug_pubnames)

.debug_info     0x0000000000000000     0x71ca
 *(.debug_info .gnu.linkonce.wi.*)
 .debug_info    0x0000000000000000      0x6a0 ./system/src/stm32f3-stdperiph/stm32f30x_gpio.o
 .debug_info    0x00000000000006a0      0x524 ./system/src/stm32f3-stdperiph/stm32f30x_misc.o
 .debug_info    0x0000000000000bc4      0xac3 ./system/src/stm32f3-stdperiph/stm32f30x_rcc.o
 .debug_info    0x0000000000001687     0x2514 ./system/src/stm32f3-stdperiph/stm32f30x_tim.o
 .debug_info    0x0000000000003b9b      0xf82 ./system/src/stm32f3-stdperiph/stm32f30x_usart.o
 .debug_info    0x0000000000004b1d      0x100 ./system/src/newlib/_exit.o
 .debug_info    0x0000000000004c1d      0x4a9 ./system/src/newlib/_startup.o
 .debug_info    0x00000000000050c6      0x1a5 ./system/src/newlib/_syscalls.o
 .debug_info    0x000000000000526b       0xdb ./system/src/cortexm/_initialize_hardware.o
 .debug_info    0x0000000000005346      0x291 ./system/src/cortexm/_reset_hardware.o
 .debug_info    0x00000000000055d7      0x55e ./system/src/cortexm/exception_handlers.o
 .debug_info    0x0000000000005b35      0x490 ./system/src/cmsis/system_stm32f30x.o
 .debug_info    0x0000000000005fc5       0xcd ./system/src/cmsis/vectors_stm32f30x.o
 .debug_info    0x0000000000006092     0x1138 ./src/main.o

.debug_abbrev   0x0000000000000000     0x14ca
 *(.debug_abbrev)
 .debug_abbrev  0x0000000000000000      0x1e8 ./system/src/stm32f3-stdperiph/stm32f30x_gpio.o
 .debug_abbrev  0x00000000000001e8      0x156 ./system/src/stm32f3-stdperiph/stm32f30x_misc.o
 .debug_abbrev  0x000000000000033e      0x20b ./system/src/stm32f3-stdperiph/stm32f30x_rcc.o
 .debug_abbrev  0x0000000000000549      0x2af ./system/src/stm32f3-stdperiph/stm32f30x_tim.o
 .debug_abbrev  0x00000000000007f8      0x1e0 ./system/src/stm32f3-stdperiph/stm32f30x_usart.o
 .debug_abbrev  0x00000000000009d8       0xb8 ./system/src/newlib/_exit.o
 .debug_abbrev  0x0000000000000a90      0x219 ./system/src/newlib/_startup.o
 .debug_abbrev  0x0000000000000ca9       0xe4 ./system/src/newlib/_syscalls.o
 .debug_abbrev  0x0000000000000d8d       0x88 ./system/src/cortexm/_initialize_hardware.o
 .debug_abbrev  0x0000000000000e15       0xe7 ./system/src/cortexm/_reset_hardware.o
 .debug_abbrev  0x0000000000000efc      0x1cc ./system/src/cortexm/exception_handlers.o
 .debug_abbrev  0x00000000000010c8      0x145 ./system/src/cmsis/system_stm32f30x.o
 .debug_abbrev  0x000000000000120d       0x9a ./system/src/cmsis/vectors_stm32f30x.o
 .debug_abbrev  0x00000000000012a7      0x223 ./src/main.o

.debug_line     0x0000000000000000     0x22d7
 *(.debug_line)
 .debug_line    0x0000000000000000      0x236 ./system/src/stm32f3-stdperiph/stm32f30x_gpio.o
 .debug_line    0x0000000000000236      0x168 ./system/src/stm32f3-stdperiph/stm32f30x_misc.o
 .debug_line    0x000000000000039e      0x47b ./system/src/stm32f3-stdperiph/stm32f30x_rcc.o
 .debug_line    0x0000000000000819      0xbca ./system/src/stm32f3-stdperiph/stm32f30x_tim.o
 .debug_line    0x00000000000013e3      0x556 ./system/src/stm32f3-stdperiph/stm32f30x_usart.o
 .debug_line    0x0000000000001939       0xd1 ./system/src/newlib/_exit.o
 .debug_line    0x0000000000001a0a      0x112 ./system/src/newlib/_startup.o
 .debug_line    0x0000000000001b1c       0xd4 ./system/src/newlib/_syscalls.o
 .debug_line    0x0000000000001bf0       0xe3 ./system/src/cortexm/_initialize_hardware.o
 .debug_line    0x0000000000001cd3       0xdb ./system/src/cortexm/_reset_hardware.o
 .debug_line    0x0000000000001dae      0x1bc ./system/src/cortexm/exception_handlers.o
 .debug_line    0x0000000000001f6a      0x11f ./system/src/cmsis/system_stm32f30x.o
 .debug_line    0x0000000000002089       0x5d ./system/src/cmsis/vectors_stm32f30x.o
 .debug_line    0x00000000000020e6      0x1f1 ./src/main.o

.debug_frame    0x0000000000000000     0x132c
 *(.debug_frame)
 .debug_frame   0x0000000000000000      0x108 ./system/src/stm32f3-stdperiph/stm32f30x_gpio.o
 .debug_frame   0x0000000000000108       0x68 ./system/src/stm32f3-stdperiph/stm32f30x_misc.o
 .debug_frame   0x0000000000000170      0x298 ./system/src/stm32f3-stdperiph/stm32f30x_rcc.o
 .debug_frame   0x0000000000000408      0x838 ./system/src/stm32f3-stdperiph/stm32f30x_tim.o
 .debug_frame   0x0000000000000c40      0x360 ./system/src/stm32f3-stdperiph/stm32f30x_usart.o
 .debug_frame   0x0000000000000fa0       0x40 ./system/src/newlib/_exit.o
 .debug_frame   0x0000000000000fe0       0x80 ./system/src/newlib/_startup.o
 .debug_frame   0x0000000000001060       0x50 ./system/src/newlib/_syscalls.o
 .debug_frame   0x00000000000010b0       0x30 ./system/src/cortexm/_initialize_hardware.o
 .debug_frame   0x00000000000010e0       0x20 ./system/src/cortexm/_reset_hardware.o
 .debug_frame   0x0000000000001100       0xf8 ./system/src/cortexm/exception_handlers.o
 .debug_frame   0x00000000000011f8       0x44 ./system/src/cmsis/system_stm32f30x.o
 .debug_frame   0x000000000000123c       0x20 ./system/src/cmsis/vectors_stm32f30x.o
 .debug_frame   0x000000000000125c       0x4c ./src/main.o
 .debug_frame   0x00000000000012a8       0x30 /usr/bin/../lib/gcc/arm-none-eabi/4.9.3/../../../../arm-none-eabi/lib/armv7e-m/libg_nano.a(lib_a-atoi.o)
 .debug_frame   0x00000000000012d8       0x54 /usr/bin/../lib/gcc/arm-none-eabi/4.9.3/../../../../arm-none-eabi/lib/armv7e-m/libg_nano.a(lib_a-strtol.o)

.debug_str      0x0000000000000000     0x2d09
 *(.debug_str)
 .debug_str     0x0000000000000000      0x4ac ./system/src/stm32f3-stdperiph/stm32f30x_gpio.o
                                        0x4fa (size before relaxing)
 .debug_str     0x00000000000004ac      0x234 ./system/src/stm32f3-stdperiph/stm32f30x_misc.o
                                        0x40e (size before relaxing)
 .debug_str     0x00000000000006e0      0x5fa ./system/src/stm32f3-stdperiph/stm32f30x_rcc.o
                                        0x829 (size before relaxing)
 .debug_str     0x0000000000000cda      0xd4b ./system/src/stm32f3-stdperiph/stm32f30x_tim.o
                                        0xfda (size before relaxing)
 .debug_str     0x0000000000001a25      0x6dc ./system/src/stm32f3-stdperiph/stm32f30x_usart.o
                                        0xa74 (size before relaxing)
 .debug_str     0x0000000000002101       0x56 ./system/src/newlib/_exit.o
                                        0x1d2 (size before relaxing)
 .debug_str     0x0000000000002157      0x1a9 ./system/src/newlib/_startup.o
                                        0x34d (size before relaxing)
 .debug_str     0x0000000000002300       0x4d ./system/src/newlib/_syscalls.o
                                        0x1f2 (size before relaxing)
 .debug_str     0x000000000000234d       0x4e ./system/src/cortexm/_initialize_hardware.o
                                        0x20c (size before relaxing)
 .debug_str     0x000000000000239b       0x3f ./system/src/cortexm/_reset_hardware.o
                                        0x24b (size before relaxing)
 .debug_str     0x00000000000023da      0x3b5 ./system/src/cortexm/exception_handlers.o
                                        0x5c1 (size before relaxing)
 .debug_str     0x000000000000278f       0x67 ./system/src/cmsis/system_stm32f30x.o
                                        0x331 (size before relaxing)
 .debug_str     0x00000000000027f6       0x57 ./system/src/cmsis/vectors_stm32f30x.o
                                        0x1ce (size before relaxing)
 .debug_str     0x000000000000284d      0x4bc ./src/main.o
                                        0xc0c (size before relaxing)

.debug_loc      0x0000000000000000     0x3af7
 *(.debug_loc)
 .debug_loc     0x0000000000000000      0x2d6 ./system/src/stm32f3-stdperiph/stm32f30x_gpio.o
 .debug_loc     0x00000000000002d6      0x170 ./system/src/stm32f3-stdperiph/stm32f30x_misc.o
 .debug_loc     0x0000000000000446      0x8f6 ./system/src/stm32f3-stdperiph/stm32f30x_rcc.o
 .debug_loc     0x0000000000000d3c     0x1f00 ./system/src/stm32f3-stdperiph/stm32f30x_tim.o
 .debug_loc     0x0000000000002c3c      0x908 ./system/src/stm32f3-stdperiph/stm32f30x_usart.o
 .debug_loc     0x0000000000003544       0x21 ./system/src/newlib/_exit.o
 .debug_loc     0x0000000000003565      0x31d ./system/src/newlib/_startup.o
 .debug_loc     0x0000000000003882       0x63 ./system/src/newlib/_syscalls.o
 .debug_loc     0x00000000000038e5       0xd4 ./system/src/cortexm/exception_handlers.o
 .debug_loc     0x00000000000039b9       0xad ./system/src/cmsis/system_stm32f30x.o
 .debug_loc     0x0000000000003a66       0x91 ./src/main.o

.debug_macinfo
 *(.debug_macinfo)

.debug_weaknames
 *(.debug_weaknames)

.debug_funcnames
 *(.debug_funcnames)

.debug_typenames
 *(.debug_typenames)

.debug_varnames
 *(.debug_varnames)
OUTPUT(quad.elf elf32-littlearm)

.debug_ranges   0x0000000000000000      0x8a8
 .debug_ranges  0x0000000000000000       0x70 ./system/src/stm32f3-stdperiph/stm32f30x_gpio.o
 .debug_ranges  0x0000000000000070       0x30 ./system/src/stm32f3-stdperiph/stm32f30x_misc.o
 .debug_ranges  0x00000000000000a0      0x140 ./system/src/stm32f3-stdperiph/stm32f30x_rcc.o
 .debug_ranges  0x00000000000001e0      0x3c0 ./system/src/stm32f3-stdperiph/stm32f30x_tim.o
 .debug_ranges  0x00000000000005a0      0x190 ./system/src/stm32f3-stdperiph/stm32f30x_usart.o
 .debug_ranges  0x0000000000000730       0x18 ./system/src/newlib/_exit.o
 .debug_ranges  0x0000000000000748       0x48 ./system/src/newlib/_startup.o
 .debug_ranges  0x0000000000000790       0x20 ./system/src/newlib/_syscalls.o
 .debug_ranges  0x00000000000007b0       0x18 ./system/src/cortexm/_initialize_hardware.o
 .debug_ranges  0x00000000000007c8       0x10 ./system/src/cortexm/_reset_hardware.o
 .debug_ranges  0x00000000000007d8       0x78 ./system/src/cortexm/exception_handlers.o
 .debug_ranges  0x0000000000000850       0x30 ./system/src/cmsis/system_stm32f30x.o
 .debug_ranges  0x0000000000000880       0x10 ./system/src/cmsis/vectors_stm32f30x.o
 .debug_ranges  0x0000000000000890       0x18 ./src/main.o
